###############################################################################
#
# IAR ELF Linker V8.32.2.178/W32 for ARM                  07/May/2019  21:16:41
# Copyright 2007-2018 IAR Systems AB.
#
#    Output file  =  
#        F:\competition\smart car\2019double
#        car\5.1after_four_wheel\basic_first\new vision 4
#        wheel\project\Debug\Exe\KV58_ZBT.out
#    Map file     =  
#        F:\competition\smart car\2019double
#        car\5.1after_four_wheel\basic_first\new vision 4
#        wheel\project\Debug\List\KV58_ZBT.map
#    Command line =  
#        -f C:\Users\lenovo\AppData\Local\Temp\EW177C.tmp
#        ("F:\competition\smart car\2019double
#        car\5.1after_four_wheel\basic_first\new vision 4
#        wheel\project\Debug\Obj\ADC.o" "F:\competition\smart car\2019double
#        car\5.1after_four_wheel\basic_first\new vision 4
#        wheel\project\Debug\Obj\breakage_process.o" "F:\competition\smart
#        car\2019double car\5.1after_four_wheel\basic_first\new vision 4
#        wheel\project\Debug\Obj\common.o" "F:\competition\smart car\2019double
#        car\5.1after_four_wheel\basic_first\new vision 4
#        wheel\project\Debug\Obj\Control.o" "F:\competition\smart
#        car\2019double car\5.1after_four_wheel\basic_first\new vision 4
#        wheel\project\Debug\Obj\define.o" "F:\competition\smart car\2019double
#        car\5.1after_four_wheel\basic_first\new vision 4
#        wheel\project\Debug\Obj\diskio.o" "F:\competition\smart car\2019double
#        car\5.1after_four_wheel\basic_first\new vision 4
#        wheel\project\Debug\Obj\DMA.o" "F:\competition\smart car\2019double
#        car\5.1after_four_wheel\basic_first\new vision 4
#        wheel\project\Debug\Obj\event_delay.o" "F:\competition\smart
#        car\2019double car\5.1after_four_wheel\basic_first\new vision 4
#        wheel\project\Debug\Obj\ff.o" "F:\competition\smart car\2019double
#        car\5.1after_four_wheel\basic_first\new vision 4
#        wheel\project\Debug\Obj\ffsystem.o" "F:\competition\smart
#        car\2019double car\5.1after_four_wheel\basic_first\new vision 4
#        wheel\project\Debug\Obj\ffunicode.o" "F:\competition\smart
#        car\2019double car\5.1after_four_wheel\basic_first\new vision 4
#        wheel\project\Debug\Obj\Flash.o" "F:\competition\smart car\2019double
#        car\5.1after_four_wheel\basic_first\new vision 4
#        wheel\project\Debug\Obj\fsl_assert.o" "F:\competition\smart
#        car\2019double car\5.1after_four_wheel\basic_first\new vision 4
#        wheel\project\Debug\Obj\fsl_clock.o" "F:\competition\smart
#        car\2019double car\5.1after_four_wheel\basic_first\new vision 4
#        wheel\project\Debug\Obj\fsl_common.o" "F:\competition\smart
#        car\2019double car\5.1after_four_wheel\basic_first\new vision 4
#        wheel\project\Debug\Obj\fsl_debug_console.o" "F:\competition\smart
#        car\2019double car\5.1after_four_wheel\basic_first\new vision 4
#        wheel\project\Debug\Obj\fsl_dma_manager.o" "F:\competition\smart
#        car\2019double car\5.1after_four_wheel\basic_first\new vision 4
#        wheel\project\Debug\Obj\fsl_dmamux.o" "F:\competition\smart
#        car\2019double car\5.1after_four_wheel\basic_first\new vision 4
#        wheel\project\Debug\Obj\fsl_dspi.o" "F:\competition\smart
#        car\2019double car\5.1after_four_wheel\basic_first\new vision 4
#        wheel\project\Debug\Obj\fsl_dspi_edma.o" "F:\competition\smart
#        car\2019double car\5.1after_four_wheel\basic_first\new vision 4
#        wheel\project\Debug\Obj\fsl_edma.o" "F:\competition\smart
#        car\2019double car\5.1after_four_wheel\basic_first\new vision 4
#        wheel\project\Debug\Obj\fsl_gpio.o" "F:\competition\smart
#        car\2019double car\5.1after_four_wheel\basic_first\new vision 4
#        wheel\project\Debug\Obj\fsl_hsadc.o" "F:\competition\smart
#        car\2019double car\5.1after_four_wheel\basic_first\new vision 4
#        wheel\project\Debug\Obj\fsl_io.o" "F:\competition\smart car\2019double
#        car\5.1after_four_wheel\basic_first\new vision 4
#        wheel\project\Debug\Obj\fsl_log.o" "F:\competition\smart
#        car\2019double car\5.1after_four_wheel\basic_first\new vision 4
#        wheel\project\Debug\Obj\fsl_notifier.o" "F:\competition\smart
#        car\2019double car\5.1after_four_wheel\basic_first\new vision 4
#        wheel\project\Debug\Obj\fsl_pit.o" "F:\competition\smart
#        car\2019double car\5.1after_four_wheel\basic_first\new vision 4
#        wheel\project\Debug\Obj\fsl_sdspi.o" "F:\competition\smart
#        car\2019double car\5.1after_four_wheel\basic_first\new vision 4
#        wheel\project\Debug\Obj\fsl_sdspi_disk.o" "F:\competition\smart
#        car\2019double car\5.1after_four_wheel\basic_first\new vision 4
#        wheel\project\Debug\Obj\fsl_shell.o" "F:\competition\smart
#        car\2019double car\5.1after_four_wheel\basic_first\new vision 4
#        wheel\project\Debug\Obj\fsl_sim.o" "F:\competition\smart
#        car\2019double car\5.1after_four_wheel\basic_first\new vision 4
#        wheel\project\Debug\Obj\fsl_str.o" "F:\competition\smart
#        car\2019double car\5.1after_four_wheel\basic_first\new vision 4
#        wheel\project\Debug\Obj\fsl_uart.o" "F:\competition\smart
#        car\2019double car\5.1after_four_wheel\basic_first\new vision 4
#        wheel\project\Debug\Obj\fsl_uart_edma.o" "F:\competition\smart
#        car\2019double car\5.1after_four_wheel\basic_first\new vision 4
#        wheel\project\Debug\Obj\FTM.o" "F:\competition\smart car\2019double
#        car\5.1after_four_wheel\basic_first\new vision 4
#        wheel\project\Debug\Obj\fuzzy.o" "F:\competition\smart car\2019double
#        car\5.1after_four_wheel\basic_first\new vision 4
#        wheel\project\Debug\Obj\gdisp_lld_ILI9341.o" "F:\competition\smart
#        car\2019double car\5.1after_four_wheel\basic_first\new vision 4
#        wheel\project\Debug\Obj\gfx_mk.o" "F:\competition\smart car\2019double
#        car\5.1after_four_wheel\basic_first\new vision 4
#        wheel\project\Debug\Obj\GPIO.o" "F:\competition\smart car\2019double
#        car\5.1after_four_wheel\basic_first\new vision 4
#        wheel\project\Debug\Obj\i2c.o" "F:\competition\smart car\2019double
#        car\5.1after_four_wheel\basic_first\new vision 4
#        wheel\project\Debug\Obj\inertial_navigation.o" "F:\competition\smart
#        car\2019double car\5.1after_four_wheel\basic_first\new vision 4
#        wheel\project\Debug\Obj\isr.o" "F:\competition\smart car\2019double
#        car\5.1after_four_wheel\basic_first\new vision 4
#        wheel\project\Debug\Obj\LCD.o" "F:\competition\smart car\2019double
#        car\5.1after_four_wheel\basic_first\new vision 4
#        wheel\project\Debug\Obj\LED_BEEP.o" "F:\competition\smart
#        car\2019double car\5.1after_four_wheel\basic_first\new vision 4
#        wheel\project\Debug\Obj\Link.o" "F:\competition\smart car\2019double
#        car\5.1after_four_wheel\basic_first\new vision 4
#        wheel\project\Debug\Obj\Loop.o" "F:\competition\smart car\2019double
#        car\5.1after_four_wheel\basic_first\new vision 4
#        wheel\project\Debug\Obj\LPTMR.o" "F:\competition\smart car\2019double
#        car\5.1after_four_wheel\basic_first\new vision 4
#        wheel\project\Debug\Obj\Meeting.o" "F:\competition\smart
#        car\2019double car\5.1after_four_wheel\basic_first\new vision 4
#        wheel\project\Debug\Obj\menu.o" "F:\competition\smart car\2019double
#        car\5.1after_four_wheel\basic_first\new vision 4
#        wheel\project\Debug\Obj\MKV58F1M0xxx24_Project.o"
#        "F:\competition\smart car\2019double
#        car\5.1after_four_wheel\basic_first\new vision 4
#        wheel\project\Debug\Obj\mpu9250.o" "F:\competition\smart
#        car\2019double car\5.1after_four_wheel\basic_first\new vision 4
#        wheel\project\Debug\Obj\mykey.o" "F:\competition\smart car\2019double
#        car\5.1after_four_wheel\basic_first\new vision 4
#        wheel\project\Debug\Obj\mymath.o" "F:\competition\smart car\2019double
#        car\5.1after_four_wheel\basic_first\new vision 4
#        wheel\project\Debug\Obj\NRF24L01.o" "F:\competition\smart
#        car\2019double car\5.1after_four_wheel\basic_first\new vision 4
#        wheel\project\Debug\Obj\OV7725.o" "F:\competition\smart car\2019double
#        car\5.1after_four_wheel\basic_first\new vision 4
#        wheel\project\Debug\Obj\pid.o" "F:\competition\smart car\2019double
#        car\5.1after_four_wheel\basic_first\new vision 4
#        wheel\project\Debug\Obj\pin_mux.o" "F:\competition\smart
#        car\2019double car\5.1after_four_wheel\basic_first\new vision 4
#        wheel\project\Debug\Obj\pit.o" "F:\competition\smart car\2019double
#        car\5.1after_four_wheel\basic_first\new vision 4
#        wheel\project\Debug\Obj\Process.o" "F:\competition\smart
#        car\2019double car\5.1after_four_wheel\basic_first\new vision 4
#        wheel\project\Debug\Obj\SCCB.o" "F:\competition\smart car\2019double
#        car\5.1after_four_wheel\basic_first\new vision 4
#        wheel\project\Debug\Obj\semihost_hardfault.o" "F:\competition\smart
#        car\2019double car\5.1after_four_wheel\basic_first\new vision 4
#        wheel\project\Debug\Obj\SPI.o" "F:\competition\smart car\2019double
#        car\5.1after_four_wheel\basic_first\new vision 4
#        wheel\project\Debug\Obj\startup.o" "F:\competition\smart
#        car\2019double car\5.1after_four_wheel\basic_first\new vision 4
#        wheel\project\Debug\Obj\startup_MKV58F24.o" "F:\competition\smart
#        car\2019double car\5.1after_four_wheel\basic_first\new vision 4
#        wheel\project\Debug\Obj\Sys_init.o" "F:\competition\smart
#        car\2019double car\5.1after_four_wheel\basic_first\new vision 4
#        wheel\project\Debug\Obj\system_MKV58F24.o" "F:\competition\smart
#        car\2019double car\5.1after_four_wheel\basic_first\new vision 4
#        wheel\project\Debug\Obj\TOF.o" "F:\competition\smart car\2019double
#        car\5.1after_four_wheel\basic_first\new vision 4
#        wheel\project\Debug\Obj\tools.o" "F:\competition\smart car\2019double
#        car\5.1after_four_wheel\basic_first\new vision 4
#        wheel\project\Debug\Obj\UART.o" --no_out_extension -o
#        "F:\competition\smart car\2019double
#        car\5.1after_four_wheel\basic_first\new vision 4
#        wheel\project\Debug\Exe\KV58_ZBT.out" --map "F:\competition\smart
#        car\2019double car\5.1after_four_wheel\basic_first\new vision 4
#        wheel\project\Debug\List\KV58_ZBT.map" --config "F:\competition\smart
#        car\2019double car\5.1after_four_wheel\basic_first\new vision 4
#        wheel\project\..\project\MKV58F1M0xxx24_flash.icf" --semihosting
#        --entry __iar_program_start "D:\Program Files
#        (x86)\IAR8.32\arm\CMSIS\Lib\IAR\iar_cortexM7ls_math.a" --vfe
#        --text_out locale)
#
###############################################################################

*******************************************************************************
*** RUNTIME MODEL ATTRIBUTES
***

CppFlavor                   = *
__Heap_Handler              = DLMalloc
__SystemLibrary             = DLib
__dlib_jmp_buf_num_elements = 16
__dlib_version              = 6


*******************************************************************************
*** HEAP SELECTION
***

The advanced heap was selected because the application calls memory
allocation functions outside of system library functions, and there
are calls to deallocation functions in the application.


*******************************************************************************
*** PLACEMENT SUMMARY
***

"A0":  place at 0x1000'0000 { ro section .intvec };
"P1":  place in [from 0x1000'0400 to 0x1000'040f] { section FlashConfig };
"P2":  place in [from 0x1000'0000 to 0x1000'03ff] |
                [from 0x1000'0410 to 0x100f'ffff] { ro };
define block RW { rw };
"P3":  place in [from 0x2000'0000 to 0x2001'fbff] { block RW };
define block ZI { zi };
"P4":  place in [from 0x2000'0000 to 0x2001'fbff] { block ZI };
define block CSTACK with size = 1K, alignment = 8 { };
"P6":  place in [from 0x2001'fc00 to 0x2001'ffff] { block CSTACK };
initialize by copy { rw, section .textrw };

No sections matched the following patterns:

  section m_interrupts_ram  in "P7"
  section m_itcm            in "P8"
  section m_ocram           in "P9"


  Section            Kind         Address    Size  Object
  -------            ----         -------    ----  ------
"A0":                                       0x400
  .intvec            ro code  0x1000'0000   0x400  startup_MKV58F24.o [1]
                            - 0x1000'0400   0x400

"P1":                                        0x10
  FlashConfig        ro code  0x1000'0400    0x10  startup_MKV58F24.o [1]
                            - 0x1000'0410    0x10

"P2":                                      0x5b95
  .text              ro code  0x1000'0410   0x8bc  breakage_process.o [1]
  .text              ro code  0x1000'0ccc   0x87c  fsl_edma.o [1]
  .text              ro code  0x1000'1548    0x18  fsl_assert.o [1]
  .text              ro code  0x1000'1560    0x3a  ABImemset48.o [4]
  .text              ro code  0x1000'159a    0x3a  zero_init3.o [4]
  .text              ro code  0x1000'15d4    0x6c  fsl_debug_console.o [1]
  .text              ro code  0x1000'1640     0x6  ABImemclr4.o [4]
  .text              ro code  0x1000'1646   0x2ce  fsl_str.o [1]
  .text              ro code  0x1000'1914    0x4c  fsl_log.o [1]
  .text              ro code  0x1000'1960    0x36  strlen.o [4]
  .text              ro code  0x1000'1996     0xa  xsprout.o [2]
  .text              ro code  0x1000'19a0    0x38  fsl_io.o [1]
  .text              ro code  0x1000'19d8   0x3a8  fsl_uart.o [1]
  .text              ro code  0x1000'1d80   0x7f0  LCD.o [1]
  .text              ro code  0x1000'2570   0x254  GPIO.o [1]
  .text              ro code  0x1000'27c4    0x2c  common.o [1]
  .text              ro code  0x1000'27f0   0x208  isr.o [1]
  .text              ro code  0x1000'29f8   0x350  FTM.o [1]
  .text              ro code  0x1000'2d48   0x1e4  OV7725.o [1]
  .text              ro code  0x1000'2f2c    0xa4  LED_BEEP.o [1]
  .text              ro code  0x1000'2fd0    0x2c  event_delay.o [1]
  .text              ro code  0x1000'2ffc   0x574  Control.o [1]
  .text              ro code  0x1000'3570   0x21c  tools.o [1]
  .text              ro code  0x1000'378c    0x2c  UART.o [1]
  .text              ro code  0x1000'37b8   0x144  DMA.o [1]
  .text              ro code  0x1000'38fc   0x330  SCCB.o [1]
  .text              ro code  0x1000'3c2c   0x126  pid.o [1]
  .text              ro code  0x1000'3d52     0x2  startup_MKV58F24.o [1]
  .text              ro code  0x1000'3d54    0x48  atanf.o [3]
  .text              ro code  0x1000'3d9c   0x1b4  tan32.o [3]
  .text              ro code  0x1000'3f50    0x78  ADC.o [1]
  .text              ro code  0x1000'3fc8   0x2f4  fsl_clock.o [1]
  .text              ro code  0x1000'42bc    0x64  fsl_dmamux.o [1]
  .text              ro code  0x1000'4320   0x318  fsl_uart_edma.o [1]
  .text              ro code  0x1000'4638    0xa4  xatanf.o [3]
  .text              ro code  0x1000'46dc   0x348  Process.o [1]
  .rodata            const    0x1000'4a24   0x300  fsl_uart.o [1]
  .text              ro code  0x1000'4d24   0x1f6  lz77_init.o [4]
  .text              ro code  0x1000'4f1a     0x6  abort.o [2]
  .text              ro code  0x1000'4f20    0x14  exit.o [5]
  .rodata            const    0x1000'4f34   0x1e8  fsl_edma.o [1]
  .text              ro code  0x1000'511c   0x164  Sys_init.o [1]
  .text              ro code  0x1000'5280    0x60  pit.o [1]
  .text              ro code  0x1000'52e0   0x13e  xprintftiny.o [2]
  .text              ro code  0x1000'541e     0x2  startup_MKV58F24.o [1]
  .text              ro code  0x1000'5420    0xfc  Loop.o [1]
  .text              ro code  0x1000'551c    0x40  sprintf.o [2]
  .text              ro code  0x1000'555c    0xb8  system_MKV58F24.o [1]
  .rodata            const    0x1000'5614    0xb0  fsl_dmamux.o [1]
  .text              ro code  0x1000'56c4    0xa4  MKV58F1M0xxx24_Project.o [1]
  .rodata            const    0x1000'5768    0x7c  tools.o [1]
  .rodata            const    0x1000'57e4    0x74  fsl_log.o [1]
  .rodata            const    0x1000'5858    0x74  fsl_uart_edma.o [1]
  .rodata            const    0x1000'58cc    0x70  fsl_clock.o [1]
  .text              ro code  0x1000'593c    0x30  startup.o [1]
  .rodata            const    0x1000'596c    0x2c  fsl_assert.o [1]
  .text              ro code  0x1000'5998    0x28  data_init.o [4]
  .rodata            const    0x1000'59c0    0x24  Loop.o [1]
  .text              ro code  0x1000'59e4    0x22  fpinit_M.o [3]
  .iar.init_table    const    0x1000'5a08    0x2c  - Linker created -
  .text              ro code  0x1000'5a34     0x2  startup_MKV58F24.o [1]
  .text              ro code  0x1000'5a38    0x1e  cmain.o [4]
  .text              ro code  0x1000'5a56     0x4  low_level_init.o [2]
  .text              ro code  0x1000'5a5a     0x4  exit.o [2]
  .text              ro code  0x1000'5a5e     0x2  startup_MKV58F24.o [1]
  .text              ro code  0x1000'5a60     0xa  cexit.o [4]
  .text              ro code  0x1000'5a6a     0x2  startup_MKV58F24.o [1]
  .text              ro code  0x1000'5a6c    0x1c  startup_MKV58F24.o [1]
  .text              ro code  0x1000'5a88     0xc  cstartup_M.o [4]
  .text              ro code  0x1000'5a94     0x4  startup_MKV58F24.o [1]
  .text              ro code  0x1000'5a98     0x2  startup_MKV58F24.o [1]
  .text              ro code  0x1000'5a9a     0x2  startup_MKV58F24.o [1]
  .text              ro code  0x1000'5a9c     0x2  startup_MKV58F24.o [1]
  .rodata            const    0x1000'5a9e     0x0  zero_init3.o [4]
  .rodata            const    0x1000'5a9e     0x0  lz77_init.o [4]
  Initializer bytes  const    0x1000'5a9e   0x507  <for RW-1>
                            - 0x1000'5fa5  0x5b95

"P3-P4", part 1 of 2:                      0x60d4
  RW                          0x2000'0000  0x60d4  <Block>
    RW-1                      0x2000'0000  0x60d4  <Init block>
      .data          inited   0x2000'0000     0x4  common.o [1]
      .data          inited   0x2000'0004     0x4  common.o [1]
      .data          inited   0x2000'0008     0x4  common.o [1]
      .data          inited   0x2000'000c     0x4  common.o [1]
      .data          inited   0x2000'0010    0x10  Control.o [1]
      .data          inited   0x2000'0020    0xd0  Control.o [1]
      .data          inited   0x2000'00f0     0x8  fsl_clock.o [1]
      .data          inited   0x2000'00f8    0x28  inertial_navigation.o [1]
      .data          inited   0x2000'0120   0x5f4  LCD.o [1]
      .data          inited   0x2000'0714     0x8  LED_BEEP.o [1]
      .data          inited   0x2000'071c  0x4b58  OV7725.o [1]
      .data          inited   0x2000'5274    0x65  OV7725.o [1]
      .data          inited   0x2000'52dc   0xda8  Process.o [1]
      .data          inited   0x2000'6084    0x38  Sys_init.o [1]
      .data          inited   0x2000'60bc    0x18  UART.o [1]
                            - 0x2000'60d4  0x60d4

"P3-P4", part 2 of 2:                       0x7a0
  ZI                          0x2000'60d4   0x7a0  <Block>
    .bss             zero     0x2000'60d4    0x54  breakage_process.o [1]
    .bss             zero     0x2000'6128   0x550  breakage_process.o [1]
    .bss             zero     0x2000'6678    0x58  Control.o [1]
    .bss             zero     0x2000'66d0     0x4  event_delay.o [1]
    .bss             zero     0x2000'66d4    0x10  event_delay.o [1]
    .bss             zero     0x2000'66e4     0x4  fsl_clock.o [1]
    .bss             zero     0x2000'66e8    0x80  fsl_edma.o [1]
    .bss             zero     0x2000'6768     0x8  fsl_io.o [1]
    .bss             zero     0x2000'6770    0x30  fsl_uart_edma.o [1]
    .bss             zero     0x2000'67a0    0x4e  LCD.o [1]
    .bss             zero     0x2000'67ee     0x2  isr.o [1]
    .bss             zero     0x2000'67f0     0x4  Loop.o [1]
    .bss             zero     0x2000'67f4     0x4  Process.o [1]
    .bss             zero     0x2000'67f8     0x4  Sys_init.o [1]
    .bss             zero     0x2000'67fc    0x70  tools.o [1]
    .bss             zero     0x2000'686c     0x1  event_delay.o [1]
    .bss             zero     0x2000'686d     0x1  fsl_edma.o [1]
    .bss             zero     0x2000'686e     0x1  isr.o [1]
    .bss             zero     0x2000'686f     0x2  Loop.o [1]
    .bss             zero     0x2000'6871     0x1  Sys_init.o [1]
                            - 0x2000'6874   0x7a0

"P6":                                       0x400
  CSTACK                      0x2001'fc00   0x400  <Block>
    CSTACK           uninit   0x2001'fc00   0x400  <Block tail>
                            - 0x2002'0000   0x400

Unused ranges:

         From           To      Size
         ----           --      ----
  0x1000'5fa5  0x100f'ffff  0xf'a05b
  0x2000'6874  0x2001'fbff  0x1'938c


*******************************************************************************
*** INIT TABLE
***

          Address      Size
          -------      ----
Zero (__iar_zero_init3)
    1 destination range, total size 0x79e:
          0x2000'60d4   0x79e

Copy/lz77 (__iar_lz77_init3)
    1 source range, total size 0x507 (5% of destination):
          0x1000'5a9e   0x507
    1 destination range, total size 0x60d4:
          0x2000'0000  0x60d4



*******************************************************************************
*** MODULE SUMMARY
***

    Module                    ro code  ro data  rw data
    ------                    -------  -------  -------
command line/config:
    ---------------------------------------------------
    Total:

F:\competition\smart car\2019double car\5.1after_four_wheel\basic_first\new vision 4 wheel\project\Debug\Obj: [1]
    ADC.o                         120
    Control.o                   1 396       12      312
    DMA.o                         324
    FTM.o                         848
    GPIO.o                        596
    LCD.o                       2 032       80    1 602
    LED_BEEP.o                    164                 8
    Loop.o                        252       36        6
    MKV58F1M0xxx24_Project.o      164
    OV7725.o                      484    1 007   19 389
    Process.o                     840      181    3 500
    SCCB.o                        816
    Sys_init.o                    356        3       61
    UART.o                         44        2       24
    breakage_process.o          2 236             1 444
    common.o                       44                16
    event_delay.o                  44                21
    fsl_assert.o                   24       44
    fsl_clock.o                   756      112       12
    fsl_debug_console.o           108
    fsl_dmamux.o                  100      176
    fsl_edma.o                  2 172      488      129
    fsl_io.o                       56                 8
    fsl_log.o                      76      116
    fsl_str.o                     718
    fsl_uart.o                    936      768
    fsl_uart_edma.o               792      116       48
    inertial_navigation.o                    2       40
    isr.o                         520                 3
    pid.o                         294
    pit.o                          96
    startup.o                      48
    startup_MKV58F24.o          1 088
    system_MKV58F24.o             184
    tools.o                       540      124      112
    ---------------------------------------------------
    Total:                     19 268    3 267   26 735

dl7M_tlf.a: [2]
    abort.o                         6
    exit.o                          4
    low_level_init.o                4
    sprintf.o                      64
    xprintftiny.o                 318
    xsprout.o                      10
    ---------------------------------------------------
    Total:                        406

m7M_tls.a: [3]
    atanf.o                        72
    fpinit_M.o                     34
    tan32.o                       436
    xatanf.o                      164
    ---------------------------------------------------
    Total:                        706

rt7M_tl.a: [4]
    ABImemclr4.o                    6
    ABImemset48.o                  58
    cexit.o                        10
    cmain.o                        30
    cstartup_M.o                   12
    data_init.o                    40
    lz77_init.o                   502
    strlen.o                       54
    zero_init3.o                   58
    ---------------------------------------------------
    Total:                        770

shb_l.a: [5]
    exit.o                         20
    ---------------------------------------------------
    Total:                         20

    Gaps                            2        2        3
    Linker created                          44    1 024
-------------------------------------------------------
    Grand Total:               21 172    3 313   27 762


*******************************************************************************
*** ENTRY LIST
***

Entry                       Address    Size  Type      Object
-----                       -------    ----  ----      ------
.iar.init_table$$Base   0x1000'5a08           --   Gb  - Linker created -
.iar.init_table$$Limit  0x1000'5a34           --   Gb  - Linker created -
?main                   0x1000'5a39          Code  Gb  cmain.o [4]
ADC0_Init               0x1000'3f51    0x18  Code  Gb  ADC.o [1]
ADC0_Once               0x1000'3fa3    0x1c  Code  Gb  ADC.o [1]
ADC0_Start              0x1000'3f69    0x3a  Code  Gb  ADC.o [1]
ADC_get_data            0x1000'3461    0x42  Code  Gb  Control.o [1]
AD_data                 0x2000'0010     0xc  Data  Gb  Control.o [1]
ASSERT                  0x1000'27c5     0xc  Code  Gb  common.o [1]
All_Delay_Init          0x1000'2fd1    0x10  Code  Gb  event_delay.o [1]
All_Delay_Task          0x1000'2fe1     0x6  Code  Gb  event_delay.o [1]
BEEP_Open_once          0x1000'2f73    0x1c  Code  Gb  LED_BEEP.o [1]
Beep_100ms              0x2000'0714     0x8  Data  Gb  LED_BEEP.o [1]
Beep_ISR                0x1000'2fa3    0x22  Code  Gb  LED_BEEP.o [1]
Beep_Once               0x1000'2f8f    0x14  Code  Gb  LED_BEEP.o [1]
Block                   0x2000'00f8    0x28  Data  Gb  inertial_navigation.o [1]
CLOCK_EnableClock       0x1000'42bd    0x14  Code  Lc  fsl_dmamux.o [1]
CLOCK_EnableClock       0x1000'0ce7    0x16  Code  Lc  fsl_edma.o [1]
CLOCK_EnableClock       0x1000'19d9    0x16  Code  Lc  fsl_uart.o [1]
CLOCK_GetEr32kClkFreq   0x1000'40d3    0x34  Code  Gb  fsl_clock.o [1]
CLOCK_GetFixedFreqClkFreq
                        0x1000'41fb    0x1c  Code  Gb  fsl_clock.o [1]
CLOCK_GetFllExtRefClkFreq
                        0x1000'3feb    0x46  Code  Lc  fsl_clock.o [1]
CLOCK_GetFllFreq        0x1000'41af    0x3c  Code  Gb  fsl_clock.o [1]
CLOCK_GetFllFreq::fllFactorTable
                        0x1000'42ac    0x10  Data  Lc  fsl_clock.o [1]
CLOCK_GetFllRefClkFreq  0x1000'404f    0x18  Code  Lc  fsl_clock.o [1]
CLOCK_GetFreq           0x1000'4125    0x66  Code  Gb  fsl_clock.o [1]
CLOCK_GetInternalRefClkFreq
                        0x1000'41eb    0x10  Code  Gb  fsl_clock.o [1]
CLOCK_GetInternalRefClkSelectFreq
                        0x1000'4031    0x1e  Code  Lc  fsl_clock.o [1]
CLOCK_GetMcgExtClkFreq  0x1000'3fc9    0x22  Code  Lc  fsl_clock.o [1]
CLOCK_GetOsc0ErClkDivFreq
                        0x1000'409b    0x38  Code  Gb  fsl_clock.o [1]
CLOCK_GetOsc0ErClkUndivFreq
                        0x1000'4069    0x32  Code  Gb  fsl_clock.o [1]
CLOCK_GetOutClkFreq     0x1000'418d    0x22  Code  Gb  fsl_clock.o [1]
CLOCK_GetPll0Freq       0x1000'4217    0x46  Code  Gb  fsl_clock.o [1]
CLOCK_GetPll0RefFreq    0x1000'4067     0x2  Code  Lc  fsl_clock.o [1]
CLOCK_GetPllFllSelClkFreq
                        0x1000'4107    0x1c  Code  Gb  fsl_clock.o [1]
CSTACK$$Base            0x2001'fc00           --   Gb  - Linker created -
CSTACK$$Limit           0x2002'0000           --   Gb  - Linker created -
Camera_start            0x1000'2df3    0x6a  Code  Gb  OV7725.o [1]
CenterlineToDiff        0x1000'330d    0x2a  Code  Gb  Control.o [1]
ConvertRadixNumToString
                        0x1000'1647    0x7e  Code  Lc  fsl_str.o [1]
DMA0_DMA16_IRQHandler   0x1000'2953    0x20  Code  Gb  isr.o [1]
DMA4_DMA20_IRQHandler   0x1000'2933    0x20  Code  Gb  isr.o [1]
DMAMUX_EnableChannel    0x1000'3589    0x24  Code  Lc  tools.o [1]
DMAMUX_GetInstance      0x1000'42d1    0x2a  Code  Lc  fsl_dmamux.o [1]
DMAMUX_Init             0x1000'4309    0x14  Code  Gb  fsl_dmamux.o [1]
DMAMUX_SetSource        0x1000'35ad    0x2a  Code  Lc  tools.o [1]
DMA_PORTx2BUFF_Init     0x1000'37b9   0x102  Code  Gb  DMA.o [1]
DbgConsole_Printf       0x1000'15d5    0x2e  Code  Gb  fsl_debug_console.o [1]
DbgConsole_RelocateLog  0x1000'1605    0x3a  Code  Lc  fsl_debug_console.o [1]
Diff_PID_Process        0x1000'3cc9    0x54  Code  Gb  pid.o [1]
Diff_Speed              0x1000'327d    0x90  Code  Gb  Control.o [1]
Diff_Speed::TAN_theta   0x2000'66c8     0x4  Data  Lc  Control.o [1]
Diff_Speed::Theta       0x2000'66cc     0x4  Data  Lc  Control.o [1]
Dir                     0x2000'0020    0xd0  Data  Gb  Control.o [1]
Dir_control             0x1000'31a1    0xdc  Code  Gb  Control.o [1]
DisableGlobalIRQ        0x1000'0d15     0x8  Code  Lc  fsl_edma.o [1]
Disp_single_colour      0x1000'222d    0x30  Code  Gb  LCD.o [1]
Draw_single_line        0x1000'225d    0x4e  Code  Gb  LCD.o [1]
EDMA_AbortTransfer      0x1000'14f9    0x38  Code  Gb  fsl_edma.o [1]
EDMA_CreateHandle       0x1000'1045    0x92  Code  Gb  fsl_edma.o [1]
EDMA_GetChannelStatusFlags
                        0x1000'0fe9    0x46  Code  Gb  fsl_edma.o [1]
EDMA_GetDefaultConfig   0x1000'0e2d    0x28  Code  Gb  fsl_edma.o [1]
EDMA_GetInstance        0x1000'0d23    0x2e  Code  Lc  fsl_edma.o [1]
EDMA_Init               0x1000'0dd9    0x50  Code  Gb  fsl_edma.o [1]
EDMA_InstallTCD         0x1000'0d51    0x86  Code  Gb  fsl_edma.o [1]
EDMA_PrepareTransfer    0x1000'112f   0x188  Code  Gb  fsl_edma.o [1]
EDMA_SetCallback        0x1000'1109    0x26  Code  Gb  fsl_edma.o [1]
EDMA_SetTransferConfig  0x1000'0e55    0x62  Code  Gb  fsl_edma.o [1]
EDMA_StartTransfer      0x1000'147d    0x6c  Code  Gb  fsl_edma.o [1]
EDMA_SubmitTransfer     0x1000'12d9   0x192  Code  Gb  fsl_edma.o [1]
EDMA_TcdReset           0x1000'0eb7    0x52  Code  Gb  fsl_edma.o [1]
EDMA_TcdSetTransferConfig
                        0x1000'0f09    0xb2  Code  Gb  fsl_edma.o [1]
Elec_get_center         0x1000'34a3    0x76  Code  Gb  Control.o [1]
Elec_get_center::delta  0x2000'001c     0x4  Data  Lc  Control.o [1]
EnableGlobalIRQ         0x1000'0d1d     0x6  Code  Lc  fsl_edma.o [1]
EnableIRQ               0x1000'0cfd    0x18  Code  Lc  fsl_edma.o [1]
Error_handler           0x1000'2819    0x56  Code  Gb  isr.o [1]
FTM_PWM_Duty            0x1000'2bf1    0x34  Code  Gb  FTM.o [1]
FTM_PWM_init            0x1000'29f9   0x1f6  Code  Gb  FTM.o [1]
FTM_QD_Get              0x1000'2cb5    0x28  Code  Gb  FTM.o [1]
FTM_QD_Init             0x1000'2c25    0x90  Code  Gb  FTM.o [1]
GPIO_Init               0x1000'2589    0xd8  Code  Gb  GPIO.o [1]
Get_StartInstance       0x1000'102f    0x14  Code  Lc  fsl_edma.o [1]
Get_StartInstance::StartInstanceNum
                        0x2000'686d     0x1  Data  Lc  fsl_edma.o [1]
Get_column_end          0x1000'473d    0x56  Code  Gb  Process.o [1]
Gui_DrawFont_GBK24      0x1000'22c9   0x1f4  Code  Gb  LCD.o [1]
Gui_DrawPoint           0x1000'22ab    0x16  Code  Gb  LCD.o [1]
HardFault_Handler       0x1000'2871     0x4  Code  Gb  isr.o [1]
IO_Transfer             0x1000'19a1    0x30  Code  Gb  fsl_io.o [1]
Image_Flag              0x2000'686f     0x1  Data  Gb  Loop.o [1]
Image_fire              0x2000'0720     0x4  Data  Gb  OV7725.o [1]
Image_fire_Memory1      0x2000'0724  0x25a8  Data  Gb  OV7725.o [1]
Image_fire_Memory2      0x2000'2ccc  0x25a8  Data  Gb  OV7725.o [1]
InStream_Read           0x1000'4d39    0x28  Code  Lc  lz77_init.o [4]
InStream_StepRegion     0x1000'4d25    0x14  Code  Lc  lz77_init.o [4]
Initialization          0x2000'6084    0x38  Data  Gb  Sys_init.o [1]
LCD_DISPLAY_FLAG        0x2000'6870     0x1  Data  Gb  Loop.o [1]
LCD_PORT_init           0x1000'1d81    0x42  Code  Gb  LCD.o [1]
LCD_SetPos              0x1000'21c7    0x66  Code  Gb  LCD.o [1]
LCD_init                0x1000'1dc3   0x238  Code  Gb  LCD.o [1]
LCD_write_data          0x1000'20d9    0xd8  Code  Gb  LCD.o [1]
LOG_Pop                 0x1000'1937    0x1a  Code  Gb  fsl_log.o [1]
LOG_Push                0x1000'1915    0x22  Code  Gb  fsl_log.o [1]
Loop                    0x1000'5425    0xca  Code  Gb  Loop.o [1]
Main_Line               0x2000'67f4     0x4  Data  Gb  Process.o [1]
Memory_use_Flag         0x2000'071c     0x1  Data  Gb  OV7725.o [1]
Motor_control           0x1000'3029   0x176  Code  Gb  Control.o [1]
Motor_init              0x1000'3339    0xb8  Code  Gb  Control.o [1]
OutStream_Write         0x1000'4d61    0x42  Code  Lc  lz77_init.o [4]
Ov7725_Init             0x1000'2e5d    0x12  Code  Gb  OV7725.o [1]
Ov7725_exti_Init        0x1000'2d81    0x3e  Code  Gb  OV7725.o [1]
Ov7725_reg_Init         0x1000'2e6f    0x8c  Code  Gb  OV7725.o [1]
PID_Init                0x1000'3d1d    0x36  Code  Gb  pid.o [1]
PID_process             0x1000'3c2d    0x9c  Code  Gb  pid.o [1]
PIT0_IRQHandler         0x1000'2889    0xaa  Code  Gb  isr.o [1]
PIT0_IRQHandler::TimeCnt_20ms
                        0x2000'67ee     0x1  Data  Lc  isr.o [1]
PIT0_IRQHandler::TimeCnt_start
                        0x2000'67ef     0x1  Data  Lc  isr.o [1]
PORTB_IRQHandler        0x1000'2875    0x14  Code  Gb  isr.o [1]
ROAD                    0x2000'52dc   0x870  Data  Gb  Process.o [1]
ROADY                   0x2000'5b4c   0x538  Data  Gb  Process.o [1]
RW$$Base                0x2000'0000           --   Gb  - Linker created -
RW$$Limit               0x2000'60d4           --   Gb  - Linker created -
Region$$Table$$Base     0x1000'5a08           --   Gb  - Linker created -
Region$$Table$$Limit    0x1000'5a34           --   Gb  - Linker created -
Road_XY_Rebuild         0x1000'4793    0x58  Code  Gb  Process.o [1]
SCB_EnableDCache        0x1000'5587    0x4e  Code  Lc  system_MKV58F24.o [1]
SCB_EnableICache        0x1000'555d    0x2a  Code  Lc  system_MKV58F24.o [1]
SCCB_Ack                0x1000'39d7    0x3e  Code  Lc  SCCB.o [1]
SCCB_GPIO_init          0x1000'3917    0x24  Code  Gb  SCCB.o [1]
SCCB_NoAck              0x1000'3a15    0x3e  Code  Lc  SCCB.o [1]
SCCB_ReadByte           0x1000'3bb3    0x7a  Code  Gb  SCCB.o [1]
SCCB_ReceiveByte        0x1000'3af9    0x6c  Code  Lc  SCCB.o [1]
SCCB_SendByte           0x1000'3aab    0x4e  Code  Lc  SCCB.o [1]
SCCB_Start              0x1000'393b    0x6e  Code  Lc  SCCB.o [1]
SCCB_Stop               0x1000'39a9    0x2e  Code  Lc  SCCB.o [1]
SCCB_WaitAck            0x1000'3a53    0x58  Code  Lc  SCCB.o [1]
SCCB_WriteByte          0x1000'3b6d    0x46  Code  Gb  SCCB.o [1]
SCCB_delay              0x1000'38fd    0x1a  Code  Gb  SCCB.o [1]
SWITCH_STATUS           0x2000'6871     0x1  Data  Gb  Sys_init.o [1]
Send_Image_to_LCD       0x1000'24bd    0x9a  Code  Gb  LCD.o [1]
Servo_init              0x1000'33f1    0x6c  Code  Gb  Control.o [1]
Setup                   0x1000'5421     0x2  Code  Gb  Loop.o [1]
Speed                   0x2000'6678    0x50  Data  Gb  Control.o [1]
Speed_control           0x1000'2ffd    0x2c  Code  Gb  Control.o [1]
StrFormatPrintf         0x1000'16c5   0x250  Code  Gb  fsl_str.o [1]
Switch_Init             0x1000'51c7    0x8a  Code  Gb  Sys_init.o [1]
Sysclk_init             0x1000'56c5    0x66  Code  Gb  MKV58F1M0xxx24_Project.o [1]
SystemInit              0x1000'55d5    0x2a  Code  Gb  system_MKV58F24.o [1]
System_init             0x1000'5139    0x74  Code  Gb  Sys_init.o [1]
Test_Str                0x2000'66d4    0x10  Data  Gb  event_delay.o [1]
Test_delay              0x2000'66d0     0x4  Data  Gb  event_delay.o [1]
Test_flag               0x2000'686c     0x1  Data  Gb  event_delay.o [1]
Test_task               0x1000'2fe9     0xa  Code  Gb  event_delay.o [1]
Time_delay              0x1000'3763    0x18  Code  Gb  tools.o [1]
Time_delay_start        0x1000'3759     0xa  Code  Gb  tools.o [1]
UART2_RX_TX_IRQHandler  0x1000'2973    0x26  Code  Gb  isr.o [1]
UARTN                   0x2000'60bc    0x18  Data  Gb  UART.o [1]
UART_EnableRxDMA        0x1000'434b    0x26  Code  Lc  fsl_uart_edma.o [1]
UART_EnableTxDMA        0x1000'4325    0x26  Code  Lc  fsl_uart_edma.o [1]
UART_EnableTxDMA        0x1000'27f1    0x26  Code  Lc  isr.o [1]
UART_GetDataRegisterAddress
                        0x1000'4321     0x4  Code  Lc  fsl_uart_edma.o [1]
UART_GetDefaultConfig   0x1000'1c61    0x3a  Code  Gb  fsl_uart.o [1]
UART_GetInstance        0x1000'19f1    0x2e  Code  Gb  fsl_uart.o [1]
UART_GetStatusFlags     0x1000'1ca5    0x18  Code  Gb  fsl_uart.o [1]
UART_Init               0x1000'1a55   0x1f4  Code  Gb  fsl_uart.o [1]
UART_Pend_Char          0x1000'378d    0x28  Code  Gb  UART.o [1]
UART_ReadBlocking       0x1000'1cd5    0x68  Code  Gb  fsl_uart.o [1]
UART_ReceiveEDMACallback
                        0x1000'43ad    0x3c  Code  Lc  fsl_uart_edma.o [1]
UART_SendEDMA           0x1000'446d    0xc6  Code  Gb  fsl_uart_edma.o [1]
UART_SendEDMACallback   0x1000'4371    0x3c  Code  Lc  fsl_uart_edma.o [1]
UART_TransferAbortReceiveEDMA
                        0x1000'457d    0x46  Code  Gb  fsl_uart_edma.o [1]
UART_TransferAbortSendEDMA
                        0x1000'4535    0x46  Code  Gb  fsl_uart_edma.o [1]
UART_TransferCreateHandleEDMA
                        0x1000'43e9    0x84  Code  Gb  fsl_uart_edma.o [1]
UART_WriteBlocking      0x1000'1cbd    0x18  Code  Gb  fsl_uart.o [1]
UART_eDMA_datasend      0x1000'36fd    0x2e  Code  Gb  tools.o [1]
UART_eDMA_init          0x1000'35d7    0xaa  Code  Gb  tools.o [1]
Uart_data               0x2000'67fc    0x1c  Data  Gb  tools.o [1]
Uart_make_data          0x1000'3685    0x78  Code  Gb  tools.o [1]
Uart_make_data::send_data
                        0x2000'6818    0x18  Data  Lc  tools.o [1]
ZI$$Base                0x2000'60d4           --   Gb  - Linker created -
ZI$$Limit               0x2000'6874           --   Gb  - Linker created -
_PrintfTiny             0x1000'52f9   0x126  Code  Gb  xprintftiny.o [2]
_SProut                 0x1000'1997     0xa  Code  Gb  xsprout.o [2]
__NVIC_DisableIRQ       0x1000'2d61    0x20  Code  Lc  OV7725.o [1]
__NVIC_EnableIRQ        0x1000'0ccd    0x1a  Code  Lc  fsl_edma.o [1]
__NVIC_EnableIRQ        0x1000'2571    0x18  Code  Lc  GPIO.o [1]
__NVIC_EnableIRQ        0x1000'2d49    0x18  Code  Lc  OV7725.o [1]
__NVIC_EnableIRQ        0x1000'5281    0x18  Code  Lc  pit.o [1]
__NVIC_EnableIRQ        0x1000'3571    0x18  Code  Lc  tools.o [1]
__NVIC_SetPriority      0x1000'511d    0x1a  Code  Lc  Sys_init.o [1]
__RAM_VECTOR_TABLE_SIZE {Abs}
                                0x0          Data  Gb  <internal module>
__VECTOR_RAM {Abs}      0x1000'0000          Data  Gb  <internal module>
__VECTOR_TABLE {Abs}    0x1000'0000          Data  Gb  <internal module>
__Vectors               0x1000'0000           --   Gb  startup_MKV58F24.o [1]
__Vectors_End           0x1000'0400          Data  Gb  startup_MKV58F24.o [1]
__Vectors_Size {Abs}          0x400           --   Gb  startup_MKV58F24.o [1]
__aeabi_JMP_BUF_SIZE {Abs}
                               0x10           --   Gb  setjmp.o [3]
__aeabi_assert          0x1000'1549    0x18  Code  Gb  fsl_assert.o [1]
__aeabi_memclr4         0x1000'1641          Code  Gb  ABImemclr4.o [4]
__aeabi_memset4         0x1000'1561          Code  Gb  ABImemset48.o [4]
__aeabi_memset8         0x1000'1561          Code  Gb  ABImemset48.o [4]
__cmain                 0x1000'5a39          Code  Gb  cmain.o [4]
__exit                  0x1000'4f21    0x14  Code  Gb  exit.o [5]
__iar_Memset4_word      0x1000'1569          Code  Gb  ABImemset48.o [4]
__iar_Memset8_word      0x1000'1569          Code  Gb  ABImemset48.o [4]
__iar_atan32            0x1000'3d55          Code  Gb  atanf.o [3]
__iar_data_init3        0x1000'5999    0x28  Code  Gb  data_init.o [4]
__iar_init_vfp          0x1000'59e5          Code  Gb  fpinit_M.o [3]
__iar_lz77_init3        0x1000'4da3   0x178  Code  Gb  lz77_init.o [4]
__iar_program_start     0x1000'5a89          Code  Gb  cstartup_M.o [4]
__iar_tan32             0x1000'3d9d   0x1b4  Code  Gb  tan32.o [3]
__iar_tan_medium32      0x1000'3d9d   0x1b4  Code  Gb  tan32.o [3]
__iar_tan_mediumf       0x1000'3d9d   0x1b4  Code  Gb  tan32.o [3]
__iar_xatanf            0x1000'4639          Code  Gb  xatanf.o [3]
__iar_zero_init3        0x1000'159b    0x3a  Code  Gb  zero_init3.o [4]
__low_level_init        0x1000'5a57     0x4  Code  Gb  low_level_init.o [2]
__vector_table          0x1000'0000          Data  Gb  startup_MKV58F24.o [1]
__vector_table_0x1c     0x1000'001c          Data  Gb  startup_MKV58F24.o [1]
_call_main              0x1000'5a45          Code  Gb  cmain.o [4]
_exit                   0x1000'5a61          Code  Gb  cexit.o [4]
_main                   0x1000'5a53          Code  Gb  cmain.o [4]
abort                   0x1000'4f1b     0x6  Code  Gb  abort.o [2]
angle_breakage          0x1000'0881   0x2da  Code  Gb  breakage_process.o [1]
angle_count             0x1000'079f    0xe2  Code  Gb  breakage_process.o [1]
angle_info              0x2000'6128   0x550  Data  Gb  breakage_process.o [1]
asc16                   0x2000'0120   0x5f4  Data  Gb  LCD.o [1]
atanf                   0x1000'3d55          Code  Gb  atanf.o [3]
back_info               0x2000'6118    0x10  Data  Gb  breakage_process.o [1]
back_straight           0x1000'0bab    0x46  Code  Gb  breakage_process.o [1]
black_straight          0x1000'0447    0xa8  Code  Gb  breakage_process.o [1]
break_data_init         0x1000'0411    0x36  Code  Gb  breakage_process.o [1]
break_info              0x2000'60d4    0x44  Data  Gb  breakage_process.o [1]
bus_clk_khz             0x2000'000c     0x4  Data  Gb  common.o [1]
cfgnum                  0x2000'52d8     0x1  Data  Gb  OV7725.o [1]
combine_straight        0x1000'0b5b    0x26  Code  Gb  breakage_process.o [1]
core_clk_khz            0x2000'0000     0x4  Data  Gb  common.o [1]
delayms                 0x1000'27d1    0x1a  Code  Gb  common.o [1]
detect_led              0x1000'0c41    0x46  Code  Gb  breakage_process.o [1]
exit                    0x1000'5a5b     0x4  Code  Gb  exit.o [2]
exti_init               0x1000'26f1    0x92  Code  Gb  GPIO.o [1]
fastperipheral_clk_khz  0x2000'0004     0x4  Data  Gb  common.o [1]
flexbus_clk_khz         0x2000'0008     0x4  Data  Gb  common.o [1]
g_uartTxEdmaHandle      0x2000'6854    0x18  Data  Gb  tools.o [1]
g_xtal0Freq             0x2000'66e4     0x4  Data  Gb  fsl_clock.o [1]
get_Center              0x1000'47eb   0x102  Code  Gb  Process.o [1]
get_black_line          0x1000'48ed   0x124  Code  Gb  Process.o [1]
hz24                    0x2000'67a0    0x4c  Data  Gb  LCD.o [1]
image_process           0x1000'46dd    0x60  Code  Gb  Process.o [1]
img_flag                0x2000'071d     0x1  Data  Gb  OV7725.o [1]
init_data_bss           0x1000'593d    0x30  Code  Gb  startup.o [1]
k                       0x2000'67ec     0x2  Data  Gb  LCD.o [1]
limit_straight          0x1000'05a1   0x1fe  Code  Gb  breakage_process.o [1]
main                    0x1000'5755    0x14  Code  Gb  MKV58F1M0xxx24_Project.o [1]
myBEEP_Init             0x1000'2f5f    0x14  Code  Gb  LED_BEEP.o [1]
myLED_Init              0x1000'2f2d    0x32  Code  Gb  LED_BEEP.o [1]
normal_breakage         0x1000'0b81    0x2a  Code  Gb  breakage_process.o [1]
out                     0x1000'52e1    0x18  Code  Lc  xprintftiny.o [2]
ov7725_get_img          0x1000'2dbf    0x34  Code  Gb  OV7725.o [1]
ov7727_reg              0x2000'5274    0x64  Data  Gb  OV7725.o [1]
parameter_Init          0x1000'51ad    0x1a  Code  Gb  Sys_init.o [1]
part_straight           0x1000'04ef    0xb2  Code  Gb  breakage_process.o [1]
pattern_shift           0x1000'0bf1    0x50  Code  Gb  breakage_process.o [1]
pit_init                0x1000'5299    0x34  Code  Gb  pit.o [1]
port_init               0x1000'2661    0x8e  Code  Gb  GPIO.o [1]
run                     0x2000'686e     0x1  Data  Gb  isr.o [1]
run_flag                0x2000'67f8     0x4  Data  Gb  Sys_init.o [1]
s_EDMAHandle            0x2000'66e8    0x80  Data  Lc  fsl_edma.o [1]
s_debugConsoleIO        0x2000'6768     0x8  Data  Lc  fsl_io.o [1]
s_dmamuxClockName       0x1000'431c     0x4  Data  Lc  fsl_dmamux.o [1]
s_edmaClockName         0x1000'0e28     0x4  Data  Lc  fsl_edma.o [1]
s_edmaIRQNumber         0x1000'10e8    0x20  Data  Lc  fsl_edma.o [1]
s_edmaPrivateHandle     0x2000'6770    0x30  Data  Lc  fsl_uart_edma.o [1]
s_fastIrcFreq           0x2000'00f4     0x4  Data  Lc  fsl_clock.o [1]
s_slowIrcFreq           0x2000'00f0     0x4  Data  Lc  fsl_clock.o [1]
s_uartBases             0x1000'1a20    0x18  Data  Lc  fsl_uart.o [1]
s_uartClock             0x1000'1d68    0x18  Data  Lc  fsl_uart.o [1]
single_control          0x1000'0c87    0x1e  Code  Gb  breakage_process.o [1]
sprintf                 0x1000'551d    0x40  Code  Gb  sprintf.o [2]
start_process           0x2000'67f0     0x4  Data  Gb  Loop.o [1]
strlen                  0x1000'1961          Code  Gb  strlen.o [4]
tanf                    0x1000'3d9d   0x1b4  Code  Gb  tan32.o [3]
uart_eDMA_Handler       0x2000'6838    0x1c  Data  Gb  tools.o [1]
uart_tx_data            0x2000'6830     0x8  Data  Gb  tools.o [1]
write_command           0x1000'1ffb    0xde  Code  Gb  LCD.o [1]
write_word              0x1000'21b1    0x16  Code  Gb  LCD.o [1]


[1] = F:\competition\smart car\2019double car\5.1after_four_wheel\basic_first\new vision 4 wheel\project\Debug\Obj
[2] = dl7M_tlf.a
[3] = m7M_tls.a
[4] = rt7M_tl.a
[5] = shb_l.a

  21 172 bytes of readonly  code memory
   3 313 bytes of readonly  data memory
  27 762 bytes of readwrite data memory

Errors: none
Warnings: none
