###############################################################################
#
# IAR ELF Linker V8.32.2.178/W32 for ARM                  31/May/2019  17:46:59
# Copyright 2007-2018 IAR Systems AB.
#
#    Output file  =  
#        F:\competition\smart car\2019double
#        car\5.1after_four_wheel\basic_first\new vision 4
#        wheel\project\Debug\Exe\KV58_ZBT.out
#    Map file     =  
#        F:\competition\smart car\2019double
#        car\5.1after_four_wheel\basic_first\new vision 4
#        wheel\project\Debug\List\KV58_ZBT.map
#    Command line =  
#        -f C:\Users\lenovo\AppData\Local\Temp\EWED7C.tmp
#        ("F:\competition\smart car\2019double
#        car\5.1after_four_wheel\basic_first\new vision 4
#        wheel\project\Debug\Obj\ADC.o" "F:\competition\smart car\2019double
#        car\5.1after_four_wheel\basic_first\new vision 4
#        wheel\project\Debug\Obj\breakage_process.o" "F:\competition\smart
#        car\2019double car\5.1after_four_wheel\basic_first\new vision 4
#        wheel\project\Debug\Obj\common.o" "F:\competition\smart car\2019double
#        car\5.1after_four_wheel\basic_first\new vision 4
#        wheel\project\Debug\Obj\Control.o" "F:\competition\smart
#        car\2019double car\5.1after_four_wheel\basic_first\new vision 4
#        wheel\project\Debug\Obj\Cross.o" "F:\competition\smart car\2019double
#        car\5.1after_four_wheel\basic_first\new vision 4
#        wheel\project\Debug\Obj\define.o" "F:\competition\smart car\2019double
#        car\5.1after_four_wheel\basic_first\new vision 4
#        wheel\project\Debug\Obj\diskio.o" "F:\competition\smart car\2019double
#        car\5.1after_four_wheel\basic_first\new vision 4
#        wheel\project\Debug\Obj\DMA.o" "F:\competition\smart car\2019double
#        car\5.1after_four_wheel\basic_first\new vision 4
#        wheel\project\Debug\Obj\event_delay.o" "F:\competition\smart
#        car\2019double car\5.1after_four_wheel\basic_first\new vision 4
#        wheel\project\Debug\Obj\ff.o" "F:\competition\smart car\2019double
#        car\5.1after_four_wheel\basic_first\new vision 4
#        wheel\project\Debug\Obj\ffsystem.o" "F:\competition\smart
#        car\2019double car\5.1after_four_wheel\basic_first\new vision 4
#        wheel\project\Debug\Obj\ffunicode.o" "F:\competition\smart
#        car\2019double car\5.1after_four_wheel\basic_first\new vision 4
#        wheel\project\Debug\Obj\Flash.o" "F:\competition\smart car\2019double
#        car\5.1after_four_wheel\basic_first\new vision 4
#        wheel\project\Debug\Obj\fsl_assert.o" "F:\competition\smart
#        car\2019double car\5.1after_four_wheel\basic_first\new vision 4
#        wheel\project\Debug\Obj\fsl_clock.o" "F:\competition\smart
#        car\2019double car\5.1after_four_wheel\basic_first\new vision 4
#        wheel\project\Debug\Obj\fsl_common.o" "F:\competition\smart
#        car\2019double car\5.1after_four_wheel\basic_first\new vision 4
#        wheel\project\Debug\Obj\fsl_debug_console.o" "F:\competition\smart
#        car\2019double car\5.1after_four_wheel\basic_first\new vision 4
#        wheel\project\Debug\Obj\fsl_dma_manager.o" "F:\competition\smart
#        car\2019double car\5.1after_four_wheel\basic_first\new vision 4
#        wheel\project\Debug\Obj\fsl_dmamux.o" "F:\competition\smart
#        car\2019double car\5.1after_four_wheel\basic_first\new vision 4
#        wheel\project\Debug\Obj\fsl_dspi.o" "F:\competition\smart
#        car\2019double car\5.1after_four_wheel\basic_first\new vision 4
#        wheel\project\Debug\Obj\fsl_dspi_edma.o" "F:\competition\smart
#        car\2019double car\5.1after_four_wheel\basic_first\new vision 4
#        wheel\project\Debug\Obj\fsl_edma.o" "F:\competition\smart
#        car\2019double car\5.1after_four_wheel\basic_first\new vision 4
#        wheel\project\Debug\Obj\fsl_gpio.o" "F:\competition\smart
#        car\2019double car\5.1after_four_wheel\basic_first\new vision 4
#        wheel\project\Debug\Obj\fsl_hsadc.o" "F:\competition\smart
#        car\2019double car\5.1after_four_wheel\basic_first\new vision 4
#        wheel\project\Debug\Obj\fsl_io.o" "F:\competition\smart car\2019double
#        car\5.1after_four_wheel\basic_first\new vision 4
#        wheel\project\Debug\Obj\fsl_log.o" "F:\competition\smart
#        car\2019double car\5.1after_four_wheel\basic_first\new vision 4
#        wheel\project\Debug\Obj\fsl_notifier.o" "F:\competition\smart
#        car\2019double car\5.1after_four_wheel\basic_first\new vision 4
#        wheel\project\Debug\Obj\fsl_pit.o" "F:\competition\smart
#        car\2019double car\5.1after_four_wheel\basic_first\new vision 4
#        wheel\project\Debug\Obj\fsl_sdspi.o" "F:\competition\smart
#        car\2019double car\5.1after_four_wheel\basic_first\new vision 4
#        wheel\project\Debug\Obj\fsl_sdspi_disk.o" "F:\competition\smart
#        car\2019double car\5.1after_four_wheel\basic_first\new vision 4
#        wheel\project\Debug\Obj\fsl_shell.o" "F:\competition\smart
#        car\2019double car\5.1after_four_wheel\basic_first\new vision 4
#        wheel\project\Debug\Obj\fsl_sim.o" "F:\competition\smart
#        car\2019double car\5.1after_four_wheel\basic_first\new vision 4
#        wheel\project\Debug\Obj\fsl_str.o" "F:\competition\smart
#        car\2019double car\5.1after_four_wheel\basic_first\new vision 4
#        wheel\project\Debug\Obj\fsl_uart.o" "F:\competition\smart
#        car\2019double car\5.1after_four_wheel\basic_first\new vision 4
#        wheel\project\Debug\Obj\fsl_uart_edma.o" "F:\competition\smart
#        car\2019double car\5.1after_four_wheel\basic_first\new vision 4
#        wheel\project\Debug\Obj\FTM.o" "F:\competition\smart car\2019double
#        car\5.1after_four_wheel\basic_first\new vision 4
#        wheel\project\Debug\Obj\fuzzy.o" "F:\competition\smart car\2019double
#        car\5.1after_four_wheel\basic_first\new vision 4
#        wheel\project\Debug\Obj\gdisp_lld_ILI9341.o" "F:\competition\smart
#        car\2019double car\5.1after_four_wheel\basic_first\new vision 4
#        wheel\project\Debug\Obj\gfx_mk.o" "F:\competition\smart car\2019double
#        car\5.1after_four_wheel\basic_first\new vision 4
#        wheel\project\Debug\Obj\GPIO.o" "F:\competition\smart car\2019double
#        car\5.1after_four_wheel\basic_first\new vision 4
#        wheel\project\Debug\Obj\i2c.o" "F:\competition\smart car\2019double
#        car\5.1after_four_wheel\basic_first\new vision 4
#        wheel\project\Debug\Obj\inertial_navigation.o" "F:\competition\smart
#        car\2019double car\5.1after_four_wheel\basic_first\new vision 4
#        wheel\project\Debug\Obj\Island.o" "F:\competition\smart car\2019double
#        car\5.1after_four_wheel\basic_first\new vision 4
#        wheel\project\Debug\Obj\isr.o" "F:\competition\smart car\2019double
#        car\5.1after_four_wheel\basic_first\new vision 4
#        wheel\project\Debug\Obj\LCD.o" "F:\competition\smart car\2019double
#        car\5.1after_four_wheel\basic_first\new vision 4
#        wheel\project\Debug\Obj\LED_BEEP.o" "F:\competition\smart
#        car\2019double car\5.1after_four_wheel\basic_first\new vision 4
#        wheel\project\Debug\Obj\Link.o" "F:\competition\smart car\2019double
#        car\5.1after_four_wheel\basic_first\new vision 4
#        wheel\project\Debug\Obj\Loop.o" "F:\competition\smart car\2019double
#        car\5.1after_four_wheel\basic_first\new vision 4
#        wheel\project\Debug\Obj\LPTMR.o" "F:\competition\smart car\2019double
#        car\5.1after_four_wheel\basic_first\new vision 4
#        wheel\project\Debug\Obj\Meeting.o" "F:\competition\smart
#        car\2019double car\5.1after_four_wheel\basic_first\new vision 4
#        wheel\project\Debug\Obj\menu.o" "F:\competition\smart car\2019double
#        car\5.1after_four_wheel\basic_first\new vision 4
#        wheel\project\Debug\Obj\MKV58F1M0xxx24_Project.o"
#        "F:\competition\smart car\2019double
#        car\5.1after_four_wheel\basic_first\new vision 4
#        wheel\project\Debug\Obj\mpu9250.o" "F:\competition\smart
#        car\2019double car\5.1after_four_wheel\basic_first\new vision 4
#        wheel\project\Debug\Obj\mykey.o" "F:\competition\smart car\2019double
#        car\5.1after_four_wheel\basic_first\new vision 4
#        wheel\project\Debug\Obj\mymath.o" "F:\competition\smart car\2019double
#        car\5.1after_four_wheel\basic_first\new vision 4
#        wheel\project\Debug\Obj\NRF24L01.o" "F:\competition\smart
#        car\2019double car\5.1after_four_wheel\basic_first\new vision 4
#        wheel\project\Debug\Obj\OV7725.o" "F:\competition\smart car\2019double
#        car\5.1after_four_wheel\basic_first\new vision 4
#        wheel\project\Debug\Obj\pid.o" "F:\competition\smart car\2019double
#        car\5.1after_four_wheel\basic_first\new vision 4
#        wheel\project\Debug\Obj\pin_mux.o" "F:\competition\smart
#        car\2019double car\5.1after_four_wheel\basic_first\new vision 4
#        wheel\project\Debug\Obj\pit.o" "F:\competition\smart car\2019double
#        car\5.1after_four_wheel\basic_first\new vision 4
#        wheel\project\Debug\Obj\Process.o" "F:\competition\smart
#        car\2019double car\5.1after_four_wheel\basic_first\new vision 4
#        wheel\project\Debug\Obj\SCCB.o" "F:\competition\smart car\2019double
#        car\5.1after_four_wheel\basic_first\new vision 4
#        wheel\project\Debug\Obj\semihost_hardfault.o" "F:\competition\smart
#        car\2019double car\5.1after_four_wheel\basic_first\new vision 4
#        wheel\project\Debug\Obj\SPI.o" "F:\competition\smart car\2019double
#        car\5.1after_four_wheel\basic_first\new vision 4
#        wheel\project\Debug\Obj\start_line.o" "F:\competition\smart
#        car\2019double car\5.1after_four_wheel\basic_first\new vision 4
#        wheel\project\Debug\Obj\startup.o" "F:\competition\smart
#        car\2019double car\5.1after_four_wheel\basic_first\new vision 4
#        wheel\project\Debug\Obj\startup_MKV58F24.o" "F:\competition\smart
#        car\2019double car\5.1after_four_wheel\basic_first\new vision 4
#        wheel\project\Debug\Obj\Sys_init.o" "F:\competition\smart
#        car\2019double car\5.1after_four_wheel\basic_first\new vision 4
#        wheel\project\Debug\Obj\system_MKV58F24.o" "F:\competition\smart
#        car\2019double car\5.1after_four_wheel\basic_first\new vision 4
#        wheel\project\Debug\Obj\TOF.o" "F:\competition\smart car\2019double
#        car\5.1after_four_wheel\basic_first\new vision 4
#        wheel\project\Debug\Obj\tools.o" "F:\competition\smart car\2019double
#        car\5.1after_four_wheel\basic_first\new vision 4
#        wheel\project\Debug\Obj\UART.o" --no_out_extension -o
#        "F:\competition\smart car\2019double
#        car\5.1after_four_wheel\basic_first\new vision 4
#        wheel\project\Debug\Exe\KV58_ZBT.out" --map "F:\competition\smart
#        car\2019double car\5.1after_four_wheel\basic_first\new vision 4
#        wheel\project\Debug\List\KV58_ZBT.map" --config "F:\competition\smart
#        car\2019double car\5.1after_four_wheel\basic_first\new vision 4
#        wheel\project\..\project\MKV58F1M0xxx24_flash.icf" --semihosting
#        --entry __iar_program_start "D:\Program Files
#        (x86)\IAR8.32\arm\CMSIS\Lib\IAR\iar_cortexM7ls_math.a" --vfe
#        --text_out locale)
#
###############################################################################

*******************************************************************************
*** RUNTIME MODEL ATTRIBUTES
***

CppFlavor                   = *
__Heap_Handler              = DLMalloc
__SystemLibrary             = DLib
__dlib_jmp_buf_num_elements = 16
__dlib_version              = 6


*******************************************************************************
*** HEAP SELECTION
***

The advanced heap was selected because the application calls memory
allocation functions outside of system library functions, and there
are calls to deallocation functions in the application.


*******************************************************************************
*** PLACEMENT SUMMARY
***

"A0":  place at 0x1000'0000 { ro section .intvec };
"P1":  place in [from 0x1000'0400 to 0x1000'040f] { section FlashConfig };
"P2":  place in [from 0x1000'0000 to 0x1000'03ff] |
                [from 0x1000'0410 to 0x100f'ffff] { ro };
define block RW { rw };
"P3":  place in [from 0x2000'0000 to 0x2001'fbff] { block RW };
define block ZI { zi };
"P4":  place in [from 0x2000'0000 to 0x2001'fbff] { block ZI };
define block CSTACK with size = 1K, alignment = 8 { };
"P6":  place in [from 0x2001'fc00 to 0x2001'ffff] { block CSTACK };
initialize by copy { rw, section .textrw };

No sections matched the following patterns:

  section m_interrupts_ram  in "P7"
  section m_itcm            in "P8"
  section m_ocram           in "P9"


  Section            Kind         Address    Size  Object
  -------            ----         -------    ----  ------
"A0":                                       0x400
  .intvec            ro code  0x1000'0000   0x400  startup_MKV58F24.o [1]
                            - 0x1000'0400   0x400

"P1":                                        0x10
  FlashConfig        ro code  0x1000'0400    0x10  startup_MKV58F24.o [1]
                            - 0x1000'0410    0x10

"P2":                                      0x9418
  .text              ro code  0x1000'0410   0xf74  breakage_process.o [1]
  .text              ro code  0x1000'1384   0x200  start_line.o [1]
  .text              ro code  0x1000'1584    0x78  ADC.o [1]
  .text              ro code  0x1000'15fc   0x7e4  LCD.o [1]
  .text              ro code  0x1000'1de0   0x254  GPIO.o [1]
  .text              ro code  0x1000'2034    0x2c  common.o [1]
  .text              ro code  0x1000'2060   0x2ac  isr.o [1]
  .text              ro code  0x1000'230c   0x350  FTM.o [1]
  .text              ro code  0x1000'265c   0x1e4  OV7725.o [1]
  .text              ro code  0x1000'2840    0xa4  LED_BEEP.o [1]
  .text              ro code  0x1000'28e4   0x5a0  Control.o [1]
  .text              ro code  0x1000'2e84    0x84  event_delay.o [1]
  .text              ro code  0x1000'2f08   0x404  mpu9250.o [1]
  .text              ro code  0x1000'330c   0x910  Process.o [1]
  .text              ro code  0x1000'3c1c   0x214  tools.o [1]
  .text              ro code  0x1000'3e30   0x87c  fsl_edma.o [1]
  .text              ro code  0x1000'46ac   0x1e8  UART.o [1]
  .text              ro code  0x1000'4894    0x88  TOF.o [1]
  .text              ro code  0x1000'491c   0x144  DMA.o [1]
  .text              ro code  0x1000'4a60   0x330  SCCB.o [1]
  .text              ro code  0x1000'4d90   0x126  pid.o [1]
  .text              ro code  0x1000'4eb6    0x3a  zero_init3.o [4]
  .text              ro code  0x1000'4ef0    0x48  atanf.o [3]
  .text              ro code  0x1000'4f38   0x1b4  tan32.o [3]
  .text              ro code  0x1000'50ec   0x380  SPI.o [1]
  .text              ro code  0x1000'546c    0x48  FltToDbl.o [3]
  .text              ro code  0x1000'54b4   0x1a2  DblMul.o [3]
  .text              ro code  0x1000'5656     0xa  xsprout.o [2]
  .text              ro code  0x1000'5660   0x17a  DblAdd.o [3]
  .text              ro code  0x1000'57da     0x2  startup_MKV58F24.o [1]
  .text              ro code  0x1000'57dc    0x68  DblToFlt.o [3]
  .text              ro code  0x1000'5844    0x12  math_wrappers64.o [3]
  .text              ro code  0x1000'5856     0x2  startup_MKV58F24.o [1]
  .text              ro code  0x1000'5858   0x97c  Island.o [1]
  .text              ro code  0x1000'61d4   0x764  Cross.o [1]
  .text              ro code  0x1000'6938    0x64  mymath.o [1]
  .text              ro code  0x1000'699c    0x18  fsl_assert.o [1]
  .text              ro code  0x1000'69b4   0x3a8  fsl_uart.o [1]
  .text              ro code  0x1000'6d5c   0x2f4  fsl_clock.o [1]
  .text              ro code  0x1000'7050    0x64  fsl_dmamux.o [1]
  .text              ro code  0x1000'70b4   0x318  fsl_uart_edma.o [1]
  .text              ro code  0x1000'73cc    0x3a  ABImemset48.o [4]
  .text              ro code  0x1000'7406     0x2  startup_MKV58F24.o [1]
  .text              ro code  0x1000'7408    0xa4  xatanf.o [3]
  .text              ro code  0x1000'74ac    0x86  ABImemcpy.o [4]
  .text              ro code  0x1000'7532     0x2  startup_MKV58F24.o [1]
  .text              ro code  0x1000'7534    0xe2  DblSub.o [3]
  .text              ro code  0x1000'7616     0x2  startup_MKV58F24.o [1]
  .text              ro code  0x1000'7618    0xec  asin64.o [3]
  .text              ro code  0x1000'7704    0x22  S32ToDbl.o [3]
  .text              ro code  0x1000'7726     0x2  startup_MKV58F24.o [1]
  .text              ro code  0x1000'7728   0x246  DblDiv.o [3]
  .text              ro code  0x1000'796e     0x2  startup_MKV58F24.o [1]
  .text              ro code  0x1000'7970    0x3a  DblToS32.o [3]
  .text              ro code  0x1000'79aa     0x2  startup_MKV58F24.o [1]
  .text              ro code  0x1000'79ac    0x6c  fsl_debug_console.o [1]
  .text              ro code  0x1000'7a18    0x2e  DblCmpLe.o [3]
  .text              ro code  0x1000'7a48    0xf2  sqrt.o [3]
  .text              ro code  0x1000'7b3c   0x1d0  iar_Atan64.o [3]
  .text              ro code  0x1000'7d0c     0x6  ABImemclr4.o [4]
  .text              ro code  0x1000'7d12   0x2ce  fsl_str.o [1]
  .text              ro code  0x1000'7fe0    0x4c  fsl_log.o [1]
  .text              ro code  0x1000'802c    0x20  DblCmpEq.o [3]
  .text              ro code  0x1000'804c    0x2e  DblCmpGe.o [3]
  .text              ro code  0x1000'807c    0x36  strlen.o [4]
  .text              ro code  0x1000'80b4    0x38  fsl_io.o [1]
  .rodata            const    0x1000'80ec   0x300  fsl_uart.o [1]
  .text              ro code  0x1000'83ec   0x1f6  lz77_init.o [4]
  .text              ro code  0x1000'85e2     0x6  abort.o [2]
  .text              ro code  0x1000'85e8    0x14  exit.o [5]
  .rodata            const    0x1000'85fc   0x1e8  fsl_edma.o [1]
  .text              ro code  0x1000'87e4   0x1d4  Loop.o [1]
  .text              ro code  0x1000'89b8    0x40  sprintf.o [2]
  .text              ro code  0x1000'89f8   0x13e  xprintftiny.o [2]
  .text              ro code  0x1000'8b38   0x198  Sys_init.o [1]
  .text              ro code  0x1000'8cd0    0x60  pit.o [1]
  .text              ro code  0x1000'8d30    0xb8  system_MKV58F24.o [1]
  .rodata            const    0x1000'8de8    0xb0  fsl_dmamux.o [1]
  .text              ro code  0x1000'8e98    0xa4  MKV58F1M0xxx24_Project.o [1]
  .rodata            const    0x1000'8f3c    0x7c  tools.o [1]
  .rodata            const    0x1000'8fb8    0x74  fsl_log.o [1]
  .rodata            const    0x1000'902c    0x74  fsl_uart_edma.o [1]
  .rodata            const    0x1000'90a0    0x70  fsl_clock.o [1]
  .rodata            const    0x1000'9110    0x40  SPI.o [1]
  .rodata            const    0x1000'9150    0x40  iar_Atan64.o [3]
  .text              ro code  0x1000'9190    0x30  startup.o [1]
  .rodata            const    0x1000'91c0    0x2c  fsl_assert.o [1]
  .text              ro code  0x1000'91ec    0x28  data_init.o [4]
  .rodata            const    0x1000'9214    0x24  Loop.o [1]
  .text              ro code  0x1000'9238    0x22  fpinit_M.o [3]
  .iar.init_table    const    0x1000'925c    0x2c  - Linker created -
  .text              ro code  0x1000'9288    0x1e  cmain.o [4]
  .text              ro code  0x1000'92a6     0x4  low_level_init.o [2]
  .text              ro code  0x1000'92aa     0x4  exit.o [2]
  .text              ro code  0x1000'92b0     0xa  cexit.o [4]
  .text              ro code  0x1000'92bc    0x1c  startup_MKV58F24.o [1]
  .text              ro code  0x1000'92d8     0xc  cstartup_M.o [4]
  .text              ro code  0x1000'92e4     0x4  startup_MKV58F24.o [1]
  .rodata            const    0x1000'92e8     0x0  zero_init3.o [4]
  .rodata            const    0x1000'92e8     0x0  lz77_init.o [4]
  Initializer bytes  const    0x1000'92e8   0x540  <for RW-1>
                            - 0x1000'9828  0x9418

"P3-P4", part 1 of 2:                      0x61dd
  RW                          0x2000'0000  0x61dd  <Block>
    RW-1                      0x2000'0000  0x61dd  <Init block>
      .data          inited   0x2000'0000     0x4  common.o [1]
      .data          inited   0x2000'0004     0x4  common.o [1]
      .data          inited   0x2000'0008     0x4  common.o [1]
      .data          inited   0x2000'000c     0x4  common.o [1]
      .data          inited   0x2000'0010    0x10  Control.o [1]
      .data          inited   0x2000'0020    0xd0  Control.o [1]
      .data          inited   0x2000'00f0    0x14  Cross.o [1]
      .data          inited   0x2000'0104     0x8  fsl_clock.o [1]
      .data          inited   0x2000'010c    0x28  inertial_navigation.o [1]
      .data          inited   0x2000'0134    0x68  Island.o [1]
      .data          inited   0x2000'019c   0x5f4  LCD.o [1]
      .data          inited   0x2000'0790     0x8  LED_BEEP.o [1]
      .data          inited   0x2000'0798    0x80  mpu9250.o [1]
      .data          inited   0x2000'0818  0x4b58  OV7725.o [1]
      .data          inited   0x2000'5370    0x65  OV7725.o [1]
      .data          inited   0x2000'53d8   0xda8  Process.o [1]
      .data          inited   0x2000'6180     0xc  SPI.o [1]
      .data          inited   0x2000'618c    0x38  Sys_init.o [1]
      .data          inited   0x2000'61c4    0x18  UART.o [1]
      .data          inited   0x2000'61dc     0x1  Process.o [1]
                            - 0x2000'61dd  0x61dd

"P3-P4", part 2 of 2:                      0x21c0
  ZI                          0x2000'61e0  0x21c0  <Block>
    .bss             zero     0x2000'61e0    0x78  breakage_process.o [1]
    .bss             zero     0x2000'6258   0x550  breakage_process.o [1]
    .bss             zero     0x2000'67a8    0x14  breakage_process.o [1]
    .bss             zero     0x2000'67bc   0xe4c  breakage_process.o [1]
    .bss             zero     0x2000'7608    0x34  breakage_process.o [1]
    .bss             zero     0x2000'763c    0x58  Control.o [1]
    .bss             zero     0x2000'7694     0x4  fsl_clock.o [1]
    .bss             zero     0x2000'7698    0x80  fsl_edma.o [1]
    .bss             zero     0x2000'7718     0x8  fsl_io.o [1]
    .bss             zero     0x2000'7720    0x30  fsl_uart_edma.o [1]
    .bss             zero     0x2000'7750    0xe8  Island.o [1]
    .bss             zero     0x2000'7838   0x240  Island.o [1]
    .bss             zero     0x2000'7a78     0x8  isr.o [1]
    .bss             zero     0x2000'7a80    0x4e  LCD.o [1]
    .bss             zero     0x2000'7ace     0x2  OV7725.o [1]
    .bss             zero     0x2000'7ad0     0x4  Loop.o [1]
    .bss             zero     0x2000'7ad4   0x178  mpu9250.o [1]
    .bss             zero     0x2000'7c4c    0x10  mpu9250.o [1]
    .bss             zero     0x2000'7c5c    0x10  mpu9250.o [1]
    .bss             zero     0x2000'7c6c    0x4c  Process.o [1]
    .bss             zero     0x2000'7cb8   0x150  Process.o [1]
    .bss             zero     0x2000'7e08   0x500  start_line.o [1]
    .bss             zero     0x2000'8308     0x4  start_line.o [1]
    .bss             zero     0x2000'830c     0x4  Sys_init.o [1]
    .bss             zero     0x2000'8310    0x18  TOF.o [1]
    .bss             zero     0x2000'8328    0x70  tools.o [1]
    .bss             zero     0x2000'8398     0x2  OV7725.o [1]
    .bss             zero     0x2000'839a     0x1  fsl_edma.o [1]
    .bss             zero     0x2000'839b     0x1  isr.o [1]
    .bss             zero     0x2000'839c     0x2  Loop.o [1]
    .bss             zero     0x2000'839e     0x1  Sys_init.o [1]
                            - 0x2000'83a0  0x21c0

"P6":                                       0x400
  CSTACK                      0x2001'fc00   0x400  <Block>
    CSTACK           uninit   0x2001'fc00   0x400  <Block tail>
                            - 0x2002'0000   0x400

Unused ranges:

         From           To      Size
         ----           --      ----
  0x1000'9828  0x100f'ffff  0xf'67d8
  0x2000'61dd  0x2000'61df       0x3
  0x2000'83a0  0x2001'fbff  0x1'7860


*******************************************************************************
*** INIT TABLE
***

          Address      Size
          -------      ----
Zero (__iar_zero_init3)
    1 destination range, total size 0x21bf:
          0x2000'61e0  0x21bf

Copy/lz77 (__iar_lz77_init3)
    1 source range, total size 0x540 (5% of destination):
          0x1000'92e8   0x540
    1 destination range, total size 0x61dd:
          0x2000'0000  0x61dd



*******************************************************************************
*** MODULE SUMMARY
***

    Module                    ro code  ro data  rw data
    ------                    -------  -------  -------
command line/config:
    ---------------------------------------------------
    Total:

F:\competition\smart car\2019double car\5.1after_four_wheel\basic_first\new vision 4 wheel\project\Debug\Obj: [1]
    ADC.o                         120
    Control.o                   1 440       12      312
    Cross.o                     1 892        1       20
    DMA.o                         324
    FTM.o                         848
    GPIO.o                        596
    Island.o                    2 428        6      912
    LCD.o                       2 020       81    1 602
    LED_BEEP.o                    164        1        8
    Loop.o                        468       36        6
    MKV58F1M0xxx24_Project.o      164
    OV7725.o                      484    1 040   19 393
    Process.o                   2 320      189    3 909
    SCCB.o                        816
    SPI.o                         896       64       12
    Sys_init.o                    408        3       61
    TOF.o                         136                24
    UART.o                        488        1       24
    breakage_process.o          3 956             5 212
    common.o                       44                16
    event_delay.o                 132
    fsl_assert.o                   24       44
    fsl_clock.o                   756      113       12
    fsl_debug_console.o           108
    fsl_dmamux.o                  100      176
    fsl_edma.o                  2 172      488      129
    fsl_io.o                       56                 8
    fsl_log.o                      76      116
    fsl_str.o                     718
    fsl_uart.o                    936      768
    fsl_uart_edma.o               792      116       48
    inertial_navigation.o                    2       40
    isr.o                         684                 9
    mpu9250.o                   1 028        7      536
    mymath.o                      100
    pid.o                         294
    pit.o                          96
    start_line.o                  512             1 284
    startup.o                      48
    startup_MKV58F24.o          1 088
    system_MKV58F24.o             184
    tools.o                       532      124      112
    ---------------------------------------------------
    Total:                     30 448    3 388   33 689

dl7M_tlf.a: [2]
    abort.o                         6
    exit.o                          4
    low_level_init.o                4
    sprintf.o                      64
    xprintftiny.o                 318
    xsprout.o                      10
    ---------------------------------------------------
    Total:                        406

m7M_tls.a: [3]
    DblAdd.o                      378
    DblCmpEq.o                     32
    DblCmpGe.o                     46
    DblCmpLe.o                     46
    DblDiv.o                      582
    DblMul.o                      418
    DblSub.o                      226
    DblToFlt.o                    104
    DblToS32.o                     58
    FltToDbl.o                     72
    S32ToDbl.o                     34
    asin64.o                      236
    atanf.o                        72
    fpinit_M.o                     34
    iar_Atan64.o                  464       64
    math_wrappers64.o              18
    sqrt.o                        242
    tan32.o                       436
    xatanf.o                      164
    ---------------------------------------------------
    Total:                      3 662       64

rt7M_tl.a: [4]
    ABImemclr4.o                    6
    ABImemcpy.o                   134
    ABImemset48.o                  58
    cexit.o                        10
    cmain.o                        30
    cstartup_M.o                   12
    data_init.o                    40
    lz77_init.o                   502
    strlen.o                       54
    zero_init3.o                   58
    ---------------------------------------------------
    Total:                        904

shb_l.a: [5]
    exit.o                         20
    ---------------------------------------------------
    Total:                         20

    Gaps                           14        2        3
    Linker created                          44    1 024
-------------------------------------------------------
    Grand Total:               35 454    3 498   34 716


*******************************************************************************
*** ENTRY LIST
***

Entry                       Address    Size  Type      Object
-----                       -------    ----  ----      ------
.iar.init_table$$Base   0x1000'925c           --   Gb  - Linker created -
.iar.init_table$$Limit  0x1000'9288           --   Gb  - Linker created -
?main                   0x1000'9289          Code  Gb  cmain.o [4]
ADC0_Init               0x1000'1585    0x18  Code  Gb  ADC.o [1]
ADC0_Once               0x1000'15d7    0x1c  Code  Gb  ADC.o [1]
ADC0_Start              0x1000'159d    0x3a  Code  Gb  ADC.o [1]
ADC_get_data            0x1000'2d49    0x42  Code  Gb  Control.o [1]
AD_data                 0x2000'0010     0xc  Data  Gb  Control.o [1]
AD_in                   0x2000'624c     0x4  Data  Gb  breakage_process.o [1]
ADdouble_task           0x1000'2ef5     0x2  Code  Gb  event_delay.o [1]
ASSERT                  0x1000'2035     0xc  Code  Gb  common.o [1]
Acc_ADC                 0x2000'07c0     0xc  Data  Gb  mpu9250.o [1]
Acc_ADC_Data            0x2000'07b4     0xc  Data  Gb  mpu9250.o [1]
All_Delay_Init          0x1000'2e85    0x1c  Code  Gb  event_delay.o [1]
All_Delay_Task          0x1000'2ea1    0x28  Code  Gb  event_delay.o [1]
All_White_Line          0x1000'36f1   0x104  Code  Gb  Process.o [1]
Angle                   0x2000'7ad4   0x170  Data  Gb  mpu9250.o [1]
Angle_a_sin             0x2000'0814     0x4  Data  Gb  mpu9250.o [1]
Angle_control           0x1000'3199   0x11a  Code  Gb  mpu9250.o [1]
Angle_control::Acc_angle_z
                        0x2000'7c48     0x4  Data  Lc  mpu9250.o [1]
Angle_control::mG_delta_y
                        0x2000'7c44     0x4  Data  Lc  mpu9250.o [1]
BEEP_Open_once          0x1000'2887    0x1c  Code  Gb  LED_BEEP.o [1]
Beep_100ms              0x2000'0790     0x8  Data  Gb  LED_BEEP.o [1]
Beep_ISR                0x1000'28b7    0x22  Code  Gb  LED_BEEP.o [1]
Beep_Once               0x1000'28a3    0x14  Code  Gb  LED_BEEP.o [1]
Block                   0x2000'010c    0x28  Data  Gb  inertial_navigation.o [1]
CLOCK_EnableClock       0x1000'7051    0x14  Code  Lc  fsl_dmamux.o [1]
CLOCK_EnableClock       0x1000'3e4b    0x16  Code  Lc  fsl_edma.o [1]
CLOCK_EnableClock       0x1000'69b5    0x16  Code  Lc  fsl_uart.o [1]
CLOCK_GetEr32kClkFreq   0x1000'6e67    0x34  Code  Gb  fsl_clock.o [1]
CLOCK_GetFixedFreqClkFreq
                        0x1000'6f8f    0x1c  Code  Gb  fsl_clock.o [1]
CLOCK_GetFllExtRefClkFreq
                        0x1000'6d7f    0x46  Code  Lc  fsl_clock.o [1]
CLOCK_GetFllFreq        0x1000'6f43    0x3c  Code  Gb  fsl_clock.o [1]
CLOCK_GetFllFreq::fllFactorTable
                        0x1000'7040    0x10  Data  Lc  fsl_clock.o [1]
CLOCK_GetFllRefClkFreq  0x1000'6de3    0x18  Code  Lc  fsl_clock.o [1]
CLOCK_GetFreq           0x1000'6eb9    0x66  Code  Gb  fsl_clock.o [1]
CLOCK_GetInternalRefClkFreq
                        0x1000'6f7f    0x10  Code  Gb  fsl_clock.o [1]
CLOCK_GetInternalRefClkSelectFreq
                        0x1000'6dc5    0x1e  Code  Lc  fsl_clock.o [1]
CLOCK_GetMcgExtClkFreq  0x1000'6d5d    0x22  Code  Lc  fsl_clock.o [1]
CLOCK_GetOsc0ErClkDivFreq
                        0x1000'6e2f    0x38  Code  Gb  fsl_clock.o [1]
CLOCK_GetOsc0ErClkUndivFreq
                        0x1000'6dfd    0x32  Code  Gb  fsl_clock.o [1]
CLOCK_GetOutClkFreq     0x1000'6f21    0x22  Code  Gb  fsl_clock.o [1]
CLOCK_GetPll0Freq       0x1000'6fab    0x46  Code  Gb  fsl_clock.o [1]
CLOCK_GetPll0RefFreq    0x1000'6dfb     0x2  Code  Lc  fsl_clock.o [1]
CLOCK_GetPllFllSelClkFreq
                        0x1000'6e9b    0x1c  Code  Gb  fsl_clock.o [1]
CSTACK$$Base            0x2001'fc00           --   Gb  - Linker created -
CSTACK$$Limit           0x2002'0000           --   Gb  - Linker created -
Camera_start            0x1000'2707    0x6a  Code  Gb  OV7725.o [1]
CenterlineToDiff        0x1000'2bf5    0x2a  Code  Gb  Control.o [1]
ConvertRadixNumToString
                        0x1000'7d13    0x7e  Code  Lc  fsl_str.o [1]
Cross                   0x2000'00f0    0x14  Data  Gb  Cross.o [1]
Cross_center_test       0x1000'6747   0x134  Code  Gb  Cross.o [1]
Cross_curve_test        0x1000'63cb   0x2b6  Code  Gb  Cross.o [1]
Cross_pre_test          0x1000'620b   0x1c0  Code  Gb  Cross.o [1]
Cross_process           0x1000'61d5    0x28  Code  Gb  Cross.o [1]
DMA0_DMA16_IRQHandler   0x1000'2245    0x20  Code  Gb  isr.o [1]
DMA4_DMA20_IRQHandler   0x1000'2225    0x20  Code  Gb  isr.o [1]
DMAMUX_EnableChannel    0x1000'3c35    0x24  Code  Lc  tools.o [1]
DMAMUX_GetInstance      0x1000'7065    0x2a  Code  Lc  fsl_dmamux.o [1]
DMAMUX_Init             0x1000'709d    0x14  Code  Gb  fsl_dmamux.o [1]
DMAMUX_SetSource        0x1000'3c59    0x2a  Code  Lc  tools.o [1]
DMA_PORTx2BUFF_Init     0x1000'491d   0x102  Code  Gb  DMA.o [1]
DbgConsole_Printf       0x1000'79ad    0x2e  Code  Gb  fsl_debug_console.o [1]
DbgConsole_RelocateLog  0x1000'79dd    0x3a  Code  Lc  fsl_debug_console.o [1]
Diff_PID_Process        0x1000'4e2d    0x54  Code  Gb  pid.o [1]
Diff_Speed              0x1000'2b65    0x90  Code  Gb  Control.o [1]
Diff_Speed::TAN_theta   0x2000'768c     0x4  Data  Lc  Control.o [1]
Diff_Speed::Theta       0x2000'7690     0x4  Data  Lc  Control.o [1]
Dir                     0x2000'0020    0xd0  Data  Gb  Control.o [1]
Dir_control             0x1000'2a89    0xdc  Code  Gb  Control.o [1]
DisableGlobalIRQ        0x1000'3e79     0x8  Code  Lc  fsl_edma.o [1]
Disp_single_colour      0x1000'1aa9    0x30  Code  Gb  LCD.o [1]
Draw_single_line        0x1000'1ad9    0x4e  Code  Gb  LCD.o [1]
EDMA_AbortTransfer      0x1000'465d    0x38  Code  Gb  fsl_edma.o [1]
EDMA_CreateHandle       0x1000'41a9    0x92  Code  Gb  fsl_edma.o [1]
EDMA_GetChannelStatusFlags
                        0x1000'414d    0x46  Code  Gb  fsl_edma.o [1]
EDMA_GetDefaultConfig   0x1000'3f91    0x28  Code  Gb  fsl_edma.o [1]
EDMA_GetInstance        0x1000'3e87    0x2e  Code  Lc  fsl_edma.o [1]
EDMA_Init               0x1000'3f3d    0x50  Code  Gb  fsl_edma.o [1]
EDMA_InstallTCD         0x1000'3eb5    0x86  Code  Gb  fsl_edma.o [1]
EDMA_PrepareTransfer    0x1000'4293   0x188  Code  Gb  fsl_edma.o [1]
EDMA_SetCallback        0x1000'426d    0x26  Code  Gb  fsl_edma.o [1]
EDMA_SetTransferConfig  0x1000'3fb9    0x62  Code  Gb  fsl_edma.o [1]
EDMA_StartTransfer      0x1000'45e1    0x6c  Code  Gb  fsl_edma.o [1]
EDMA_SubmitTransfer     0x1000'443d   0x192  Code  Gb  fsl_edma.o [1]
EDMA_TcdReset           0x1000'401b    0x52  Code  Gb  fsl_edma.o [1]
EDMA_TcdSetTransferConfig
                        0x1000'406d    0xb2  Code  Gb  fsl_edma.o [1]
Elec_Island             0x1000'58bd    0x94  Code  Gb  Island.o [1]
Elec_get_center         0x1000'2d8b    0x76  Code  Gb  Control.o [1]
Elec_get_center::delta  0x2000'001c     0x4  Data  Lc  Control.o [1]
EnableGlobalIRQ         0x1000'3e81     0x6  Code  Lc  fsl_edma.o [1]
EnableIRQ               0x1000'3e61    0x18  Code  Lc  fsl_edma.o [1]
Error_handler           0x1000'2089    0x56  Code  Gb  isr.o [1]
FTM_PWM_Duty            0x1000'2505    0x34  Code  Gb  FTM.o [1]
FTM_PWM_init            0x1000'230d   0x1f6  Code  Gb  FTM.o [1]
FTM_QD_Get              0x1000'25c9    0x28  Code  Gb  FTM.o [1]
FTM_QD_Init             0x1000'2539    0x90  Code  Gb  FTM.o [1]
Filter_2nd_LPF2ndFilter
                        0x1000'3079    0xa4  Code  Gb  mpu9250.o [1]
Find_All_White          0x1000'369d    0x54  Code  Gb  Process.o [1]
Find_Quanbai_Xie        0x1000'37f5    0xb6  Code  Gb  Process.o [1]
GPIO_Init               0x1000'1df9    0xd8  Code  Gb  GPIO.o [1]
Get_StartInstance       0x1000'4193    0x14  Code  Lc  fsl_edma.o [1]
Get_StartInstance::StartInstanceNum
                        0x2000'839a     0x1  Data  Lc  fsl_edma.o [1]
Get_column_end          0x1000'33bd    0x5a  Code  Gb  Process.o [1]
Gui_DrawFont_GBK24      0x1000'1b45   0x1f4  Code  Gb  LCD.o [1]
Gui_DrawPoint           0x1000'1b27    0x16  Code  Gb  LCD.o [1]
Gyro_ADC                0x2000'07cc     0xc  Data  Gb  mpu9250.o [1]
HardFault_Handler       0x1000'20e1     0x4  Code  Gb  isr.o [1]
IO_Transfer             0x1000'80b5    0x30  Code  Gb  fsl_io.o [1]
Image_Flag              0x2000'839c     0x1  Data  Gb  Loop.o [1]
Image_Island_Test       0x1000'5d47   0x1c8  Code  Gb  Island.o [1]
Image_fire              0x2000'081c     0x4  Data  Gb  OV7725.o [1]
Image_fire_Memory1      0x2000'0820  0x25a8  Data  Gb  OV7725.o [1]
Image_fire_Memory2      0x2000'2dc8  0x25a8  Data  Gb  OV7725.o [1]
In2Stay_Island          0x1000'5baf    0xe2  Code  Gb  Island.o [1]
InStream_Read           0x1000'8401    0x28  Code  Lc  lz77_init.o [4]
InStream_StepRegion     0x1000'83ed    0x14  Code  Lc  lz77_init.o [4]
In_Cross                0x1000'6681    0xc6  Code  Gb  Cross.o [1]
In_Cross_test           0x1000'61fd     0xe  Code  Gb  Cross.o [1]
In_Island               0x1000'5951   0x126  Code  Gb  Island.o [1]
In_Island::center_use   0x2000'0198     0x4  Data  Lc  Island.o [1]
In_Island_center        0x1000'5a77   0x138  Code  Gb  Island.o [1]
In_Island_center::Diff_L
                        0x2000'77a0    0x4c  Data  Lc  Island.o [1]
In_Island_center::Diff_R
                        0x2000'77ec    0x4c  Data  Lc  Island.o [1]
In_Island_center::In_black_L
                        0x2000'7750    0x28  Data  Lc  Island.o [1]
In_Island_center::In_black_R
                        0x2000'7778    0x28  Data  Lc  Island.o [1]
In_double_AD            0x1000'5873    0x4a  Code  Gb  Island.o [1]
Init_MPU9250            0x1000'2f5d    0x3e  Code  Gb  mpu9250.o [1]
Initialization          0x2000'618c    0x38  Data  Gb  Sys_init.o [1]
Island                  0x2000'0134    0x64  Data  Gb  Island.o [1]
Island_process          0x1000'5859    0x1a  Code  Gb  Island.o [1]
LCD_DISPLAY_FLAG        0x2000'839d     0x1  Data  Gb  Loop.o [1]
LCD_DrawBigPoint        0x1000'1db9    0x28  Code  Gb  LCD.o [1]
LCD_PORT_init           0x1000'15fd    0x42  Code  Gb  LCD.o [1]
LCD_SetPos              0x1000'1a43    0x66  Code  Gb  LCD.o [1]
LCD_init                0x1000'163f   0x238  Code  Gb  LCD.o [1]
LCD_write_data          0x1000'1955    0xd8  Code  Gb  LCD.o [1]
LOG_Pop                 0x1000'8003    0x1a  Code  Gb  fsl_log.o [1]
LOG_Push                0x1000'7fe1    0x22  Code  Gb  fsl_log.o [1]
LastIn                  0x2000'07d8     0xc  Data  Gb  mpu9250.o [1]
LastOut                 0x2000'07f0     0xc  Data  Gb  mpu9250.o [1]
Liner_threshold         0x2000'61dc     0x1  Data  Gb  Process.o [1]
Loop                    0x1000'87e9   0x14e  Code  Gb  Loop.o [1]
MPU9250_PORT_init       0x1000'2f09     0xe  Code  Gb  mpu9250.o [1]
Main_Line               0x2000'7c70     0x4  Data  Gb  Process.o [1]
Measure_Acc             0x1000'311d    0x7c  Code  Gb  mpu9250.o [1]
Measure_Acc::a_sin      0x2000'7c5c     0xc  Data  Lc  mpu9250.o [1]
Measure_Acc::a_sin_new  0x2000'7c68     0x4  Data  Lc  mpu9250.o [1]
Memory_use_Flag         0x2000'0818     0x1  Data  Gb  OV7725.o [1]
Motor_control           0x1000'2911   0x176  Code  Gb  Control.o [1]
Motor_init              0x1000'2c21    0xb8  Code  Gb  Control.o [1]
Next_Island_task        0x1000'2ed5    0x20  Code  Gb  event_delay.o [1]
OV7725_cnt              0x2000'7ace     0x2  Data  Gb  OV7725.o [1]
OV7725_fps              0x2000'8398     0x2  Data  Gb  OV7725.o [1]
Out2doubleFAR_task      0x1000'2ec9     0xa  Code  Gb  event_delay.o [1]
OutStream_Write         0x1000'8429    0x42  Code  Lc  lz77_init.o [4]
Out_Island              0x1000'5d15    0x32  Code  Gb  Island.o [1]
Out_Island_find_Quanbai
                        0x1000'612d    0x64  Code  Gb  Island.o [1]
Ov7725_Init             0x1000'2771    0x12  Code  Gb  OV7725.o [1]
Ov7725_exti_Init        0x1000'2695    0x3e  Code  Gb  OV7725.o [1]
Ov7725_reg_Init         0x1000'2783    0x8c  Code  Gb  OV7725.o [1]
PID_Init                0x1000'4e81    0x36  Code  Gb  pid.o [1]
PID_process             0x1000'4d91    0x9c  Code  Gb  pid.o [1]
PIT0_IRQHandler         0x1000'20f9   0x12c  Code  Gb  isr.o [1]
PIT0_IRQHandler::TimeCnt_1s
                        0x2000'7a7c     0x4  Data  Lc  isr.o [1]
PIT0_IRQHandler::TimeCnt_20ms
                        0x2000'7a78     0x1  Data  Lc  isr.o [1]
PIT0_IRQHandler::TimeCnt_start
                        0x2000'7a79     0x1  Data  Lc  isr.o [1]
PORTB_IRQHandler        0x1000'20e5    0x14  Code  Gb  isr.o [1]
PreOut                  0x2000'07e4     0xc  Data  Gb  mpu9250.o [1]
READ_DATE               0x1000'2f9d    0xd6  Code  Gb  mpu9250.o [1]
ROAD                    0x2000'53d8   0x870  Data  Gb  Process.o [1]
ROADY                   0x2000'5c48   0x538  Data  Gb  Process.o [1]
RW$$Base                0x2000'0000           --   Gb  - Linker created -
RW$$Limit               0x2000'61dd           --   Gb  - Linker created -
Region$$Table$$Base     0x1000'925c           --   Gb  - Linker created -
Region$$Table$$Limit    0x1000'9288           --   Gb  - Linker created -
Road_XY_Rebuild         0x1000'3417    0x5a  Code  Gb  Process.o [1]
SCB_EnableDCache        0x1000'8d5b    0x4e  Code  Lc  system_MKV58F24.o [1]
SCB_EnableICache        0x1000'8d31    0x2a  Code  Lc  system_MKV58F24.o [1]
SCCB_Ack                0x1000'4b3b    0x3e  Code  Lc  SCCB.o [1]
SCCB_GPIO_init          0x1000'4a7b    0x24  Code  Gb  SCCB.o [1]
SCCB_NoAck              0x1000'4b79    0x3e  Code  Lc  SCCB.o [1]
SCCB_ReadByte           0x1000'4d17    0x7a  Code  Gb  SCCB.o [1]
SCCB_ReceiveByte        0x1000'4c5d    0x6c  Code  Lc  SCCB.o [1]
SCCB_SendByte           0x1000'4c0f    0x4e  Code  Lc  SCCB.o [1]
SCCB_Start              0x1000'4a9f    0x6e  Code  Lc  SCCB.o [1]
SCCB_Stop               0x1000'4b0d    0x2e  Code  Lc  SCCB.o [1]
SCCB_WaitAck            0x1000'4bb7    0x58  Code  Lc  SCCB.o [1]
SCCB_WriteByte          0x1000'4cd1    0x46  Code  Gb  SCCB.o [1]
SCCB_delay              0x1000'4a61    0x1a  Code  Gb  SCCB.o [1]
SPIN                    0x2000'6180     0xc  Data  Gb  SPI.o [1]
SWITCH_STATUS           0x2000'839e     0x1  Data  Gb  Sys_init.o [1]
Send_Image_to_LCD       0x1000'1d39    0x70  Code  Gb  LCD.o [1]
Servo_init              0x1000'2cd9    0x6c  Code  Gb  Control.o [1]
Setup                   0x1000'87e5     0x2  Code  Gb  Loop.o [1]
Speed                   0x2000'763c    0x50  Data  Gb  Control.o [1]
Speed_control           0x1000'28e5    0x2c  Code  Gb  Control.o [1]
Stay2Out_task           0x1000'2ef9     0xa  Code  Gb  event_delay.o [1]
Stay2Out_test           0x1000'5f0f   0x1fa  Code  Gb  Island.o [1]
Stay2Out_test::DDiff_Far_Lie
                        0x2000'7998    0x70  Data  Lc  Island.o [1]
Stay2Out_test::DDiff_Hang
                        0x2000'7a08    0x70  Data  Lc  Island.o [1]
Stay2Out_test::Diff_Far_Lie
                        0x2000'7838    0x74  Data  Lc  Island.o [1]
Stay2Out_test::Diff_Hang
                        0x2000'7924    0x74  Data  Lc  Island.o [1]
Stay2Out_test::Edge_Hang
                        0x2000'78ac    0x78  Data  Lc  Island.o [1]
Stay_Island             0x1000'5c91    0x84  Code  Gb  Island.o [1]
StrFormatPrintf         0x1000'7d91   0x250  Code  Gb  fsl_str.o [1]
Str_Cross               0x1000'687b    0x36  Code  Gb  Cross.o [1]
Str_Cross_Test          0x1000'68b1    0x6e  Code  Gb  Cross.o [1]
Switch_Init             0x1000'8c15    0x8a  Code  Gb  Sys_init.o [1]
Sysclk_init             0x1000'8e99    0x66  Code  Gb  MKV58F1M0xxx24_Project.o [1]
SystemInit              0x1000'8da9    0x2a  Code  Gb  system_MKV58F24.o [1]
System_init             0x1000'8b55    0x90  Code  Gb  Sys_init.o [1]
TOF_BUF                 0x2000'8310    0x10  Data  Gb  TOF.o [1]
TOF_Distance            0x2000'8324     0x4  Data  Gb  TOF.o [1]
TOF_Read                0x1000'4895    0x88  Code  Gb  TOF.o [1]
TOF_Read_cnt            0x2000'8320     0x4  Data  Gb  TOF.o [1]
Time_delay              0x1000'3dbb    0x34  Code  Gb  tools.o [1]
Time_delay_start        0x1000'3db1     0xa  Code  Gb  tools.o [1]
UART0_RX_TX_IRQHandler  0x1000'22fd     0x4  Code  Gb  isr.o [1]
UART2_RX_TX_IRQHandler  0x1000'2265    0x3c  Code  Gb  isr.o [1]
UARTN                   0x2000'61c4    0x18  Data  Gb  UART.o [1]
UART_EnableRxDMA        0x1000'70df    0x26  Code  Lc  fsl_uart_edma.o [1]
UART_EnableTxDMA        0x1000'70b9    0x26  Code  Lc  fsl_uart_edma.o [1]
UART_EnableTxDMA        0x1000'2061    0x26  Code  Lc  isr.o [1]
UART_GetDataRegisterAddress
                        0x1000'70b5     0x4  Code  Lc  fsl_uart_edma.o [1]
UART_GetDefaultConfig   0x1000'6c3d    0x3a  Code  Gb  fsl_uart.o [1]
UART_GetInstance        0x1000'69cd    0x2e  Code  Gb  fsl_uart.o [1]
UART_GetStatusFlags     0x1000'6c81    0x18  Code  Gb  fsl_uart.o [1]
UART_IRQ_EN             0x1000'47fd    0x64  Code  Gb  UART.o [1]
UART_Init               0x1000'6a31   0x1f4  Code  Gb  fsl_uart.o [1]
UART_Pend_Char          0x1000'47d3    0x28  Code  Gb  UART.o [1]
UART_ReadBlocking       0x1000'6cb1    0x68  Code  Gb  fsl_uart.o [1]
UART_ReceiveEDMACallback
                        0x1000'7141    0x3c  Code  Lc  fsl_uart_edma.o [1]
UART_SendEDMA           0x1000'7201    0xc6  Code  Gb  fsl_uart_edma.o [1]
UART_SendEDMACallback   0x1000'7105    0x3c  Code  Lc  fsl_uart_edma.o [1]
UART_TransferAbortReceiveEDMA
                        0x1000'7311    0x46  Code  Gb  fsl_uart_edma.o [1]
UART_TransferAbortSendEDMA
                        0x1000'72c9    0x46  Code  Gb  fsl_uart_edma.o [1]
UART_TransferCreateHandleEDMA
                        0x1000'717d    0x84  Code  Gb  fsl_uart_edma.o [1]
UART_WriteBlocking      0x1000'6c99    0x18  Code  Gb  fsl_uart.o [1]
UART_eDMA_datasend      0x1000'3d83    0x2e  Code  Gb  tools.o [1]
UART_eDMA_init          0x1000'3c83    0xaa  Code  Gb  tools.o [1]
Uart_Init               0x1000'46c5   0x10e  Code  Gb  UART.o [1]
Uart_data               0x2000'8328    0x1c  Data  Gb  tools.o [1]
Uart_make_data          0x1000'3d2d    0x56  Code  Gb  tools.o [1]
Uart_make_data::send_data
                        0x2000'8344    0x18  Data  Lc  tools.o [1]
Wait_Next_Island        0x1000'6109    0x24  Code  Gb  Island.o [1]
ZI$$Base                0x2000'61e0           --   Gb  - Linker created -
ZI$$Limit               0x2000'83a0           --   Gb  - Linker created -
_PrintfTiny             0x1000'8a11   0x126  Code  Gb  xprintftiny.o [2]
_SProut                 0x1000'5657     0xa  Code  Gb  xsprout.o [2]
__NVIC_DisableIRQ       0x1000'2675    0x20  Code  Lc  OV7725.o [1]
__NVIC_EnableIRQ        0x1000'3e31    0x1a  Code  Lc  fsl_edma.o [1]
__NVIC_EnableIRQ        0x1000'1de1    0x18  Code  Lc  GPIO.o [1]
__NVIC_EnableIRQ        0x1000'265d    0x18  Code  Lc  OV7725.o [1]
__NVIC_EnableIRQ        0x1000'8cd1    0x18  Code  Lc  pit.o [1]
__NVIC_EnableIRQ        0x1000'3c1d    0x18  Code  Lc  tools.o [1]
__NVIC_EnableIRQ        0x1000'46ad    0x18  Code  Lc  UART.o [1]
__NVIC_SetPriority      0x1000'8b39    0x1a  Code  Lc  Sys_init.o [1]
__RAM_VECTOR_TABLE_SIZE {Abs}
                                0x0          Data  Gb  <internal module>
__VECTOR_RAM {Abs}      0x1000'0000          Data  Gb  <internal module>
__VECTOR_TABLE {Abs}    0x1000'0000          Data  Gb  <internal module>
__Vectors               0x1000'0000           --   Gb  startup_MKV58F24.o [1]
__Vectors_End           0x1000'0400          Data  Gb  startup_MKV58F24.o [1]
__Vectors_Size {Abs}          0x400           --   Gb  startup_MKV58F24.o [1]
__aeabi_JMP_BUF_SIZE {Abs}
                               0x10           --   Gb  setjmp.o [3]
__aeabi_assert          0x1000'699d    0x18  Code  Gb  fsl_assert.o [1]
__aeabi_cdcmpeq         0x1000'802d          Code  Gb  DblCmpEq.o [3]
__aeabi_cdcmple         0x1000'7a19          Code  Gb  DblCmpLe.o [3]
__aeabi_cdrcmple        0x1000'804d          Code  Gb  DblCmpGe.o [3]
__aeabi_d2f             0x1000'57dd          Code  Gb  DblToFlt.o [3]
__aeabi_d2iz            0x1000'7971          Code  Gb  DblToS32.o [3]
__aeabi_dadd            0x1000'5661          Code  Gb  DblAdd.o [3]
__aeabi_ddiv            0x1000'7729          Code  Gb  DblDiv.o [3]
__aeabi_dmul            0x1000'54b5          Code  Gb  DblMul.o [3]
__aeabi_dsub            0x1000'7535          Code  Gb  DblSub.o [3]
__aeabi_f2d             0x1000'546d          Code  Gb  FltToDbl.o [3]
__aeabi_i2d             0x1000'7705          Code  Gb  S32ToDbl.o [3]
__aeabi_memclr4         0x1000'7d0d          Code  Gb  ABImemclr4.o [4]
__aeabi_memcpy4         0x1000'74ad          Code  Gb  ABImemcpy.o [4]
__aeabi_memcpy8         0x1000'74ad          Code  Gb  ABImemcpy.o [4]
__aeabi_memset4         0x1000'73cd          Code  Gb  ABImemset48.o [4]
__aeabi_memset8         0x1000'73cd          Code  Gb  ABImemset48.o [4]
__cmain                 0x1000'9289          Code  Gb  cmain.o [4]
__exit                  0x1000'85e9    0x14  Code  Gb  exit.o [5]
__iar_Atan64            0x1000'7b3d   0x1d0  Code  Gb  iar_Atan64.o [3]
__iar_Memset4_word      0x1000'73d5          Code  Gb  ABImemset48.o [4]
__iar_Memset8_word      0x1000'73d5          Code  Gb  ABImemset48.o [4]
__iar_asin64            0x1000'7619    0xec  Code  Gb  asin64.o [3]
__iar_atan32            0x1000'4ef1          Code  Gb  atanf.o [3]
__iar_dadd              0x1000'7545          Code  Gb  DblSub.o [3]
__iar_data_init3        0x1000'91ed    0x28  Code  Gb  data_init.o [4]
__iar_dsub              0x1000'5671          Code  Gb  DblAdd.o [3]
__iar_dsubStart         0x1000'5683          Code  Gb  DblAdd.o [3]
__iar_init_vfp          0x1000'9239          Code  Gb  fpinit_M.o [3]
__iar_lz77_init3        0x1000'846b   0x178  Code  Gb  lz77_init.o [4]
__iar_program_start     0x1000'92d9          Code  Gb  cstartup_M.o [4]
__iar_sqrt64            0x1000'7a49          Code  Gb  sqrt.o [3]
__iar_tan32             0x1000'4f39   0x1b4  Code  Gb  tan32.o [3]
__iar_tan_medium32      0x1000'4f39   0x1b4  Code  Gb  tan32.o [3]
__iar_tan_mediumf       0x1000'4f39   0x1b4  Code  Gb  tan32.o [3]
__iar_vfp_asin          0x1000'584b     0xc  Code  Gb  math_wrappers64.o [3]
__iar_xatanf            0x1000'7409          Code  Gb  xatanf.o [3]
__iar_zero_init3        0x1000'4eb7    0x3a  Code  Gb  zero_init3.o [4]
__low_level_init        0x1000'92a7     0x4  Code  Gb  low_level_init.o [2]
__vector_table          0x1000'0000          Data  Gb  startup_MKV58F24.o [1]
__vector_table_0x1c     0x1000'001c          Data  Gb  startup_MKV58F24.o [1]
_call_main              0x1000'9295          Code  Gb  cmain.o [4]
_exit                   0x1000'92b1          Code  Gb  cexit.o [4]
_main                   0x1000'92a3          Code  Gb  cmain.o [4]
a                       0x1000'9150    0x40  Data  Lc  iar_Atan64.o [3]
abort                   0x1000'85e3     0x6  Code  Gb  abort.o [2]
abs_s16                 0x1000'698b     0xe  Code  Gb  mymath.o [1]
ad_breakage             0x1000'0fcd    0x2a  Code  Gb  breakage_process.o [1]
angle_breakage          0x1000'0a0d   0x2da  Code  Gb  breakage_process.o [1]
angle_count             0x1000'099d    0x70  Code  Gb  breakage_process.o [1]
angle_info              0x2000'6258   0x550  Data  Gb  breakage_process.o [1]
asc16                   0x2000'019c   0x5f4  Data  Gb  LCD.o [1]
asin                    0x1000'7619    0xec  Code  Gb  asin64.o [3]
asinl                   0x1000'7619    0xec  Code  Gb  asin64.o [3]
atanf                   0x1000'4ef1          Code  Gb  atanf.o [3]
ave_dc                  0x2000'7c7c     0x4  Data  Gb  Process.o [1]
back_info               0x2000'67a8    0x14  Data  Gb  breakage_process.o [1]
back_limit              0x1000'079f   0x1fe  Code  Gb  breakage_process.o [1]
back_straight           0x1000'0d37    0x5e  Code  Gb  breakage_process.o [1]
beep_ramp               0x2000'7c80     0x4  Data  Gb  Process.o [1]
black_straight          0x1000'0447    0xa8  Code  Gb  breakage_process.o [1]
break_data_init         0x1000'0411    0x36  Code  Gb  breakage_process.o [1]
break_info              0x2000'61e0    0x44  Data  Gb  breakage_process.o [1]
breakage_move           0x1000'0ef9    0xd4  Code  Gb  breakage_process.o [1]
breakage_move::Timeback
                        0x2000'6254     0x4  Data  Lc  breakage_process.o [1]
breakage_move::Timestop
                        0x2000'6250     0x4  Data  Lc  breakage_process.o [1]
bus_clk_khz             0x2000'000c     0x4  Data  Gb  common.o [1]
cfgnum                  0x2000'53d4     0x1  Data  Gb  OV7725.o [1]
combine_straight        0x1000'0ce7    0x26  Code  Gb  breakage_process.o [1]
core_clk_khz            0x2000'0000     0x4  Data  Gb  common.o [1]
delat_x                 0x2000'7d58    0x50  Data  Gb  Process.o [1]
delat_x_l               0x2000'7db4    0x50  Data  Gb  Process.o [1]
delayms                 0x1000'2041    0x1a  Code  Gb  common.o [1]
detect_led              0x1000'0e25    0x72  Code  Gb  breakage_process.o [1]
detect_startline        0x1000'1391    0xec  Code  Gb  start_line.o [1]
double_control          0x1000'0eef     0xa  Code  Gb  breakage_process.o [1]
double_start_move       0x1000'14bb    0x60  Code  Gb  start_line.o [1]
exit                    0x1000'92ab     0x4  Code  Gb  exit.o [2]
exterm_l                0x2000'7608     0x4  Data  Gb  breakage_process.o [1]
exterm_r                0x2000'760c     0x4  Data  Gb  breakage_process.o [1]
exti_init               0x1000'1f61    0x92  Code  Gb  GPIO.o [1]
fastperipheral_clk_khz  0x2000'0004     0x4  Data  Gb  common.o [1]
final_minus             0x2000'762c     0xc  Data  Gb  breakage_process.o [1]
final_sum               0x2000'7638     0x4  Data  Gb  breakage_process.o [1]
flexbus_clk_khz         0x2000'0008     0x4  Data  Gb  common.o [1]
g_uartTxEdmaHandle      0x2000'8380    0x18  Data  Gb  tools.o [1]
g_xtal0Freq             0x2000'7694     0x4  Data  Gb  fsl_clock.o [1]
get_Center              0x1000'3471   0x104  Code  Gb  Process.o [1]
get_black_line          0x1000'3575   0x128  Code  Gb  Process.o [1]
hz24                    0x2000'7a80    0x4c  Data  Gb  LCD.o [1]
image_process           0x1000'330d    0xb0  Code  Gb  Process.o [1]
img_flag                0x2000'0819     0x1  Data  Gb  OV7725.o [1]
init_data_bss           0x1000'9191    0x30  Code  Gb  startup.o [1]
inputbuf                0x2000'7c54     0x8  Data  Gb  mpu9250.o [1]
k                       0x2000'7acc     0x2  Data  Gb  LCD.o [1]
keep_safe               0x1000'2e01    0x2a  Code  Gb  Control.o [1]
left_minus              0x2000'7614     0xc  Data  Gb  breakage_process.o [1]
left_out                0x2000'7610     0x4  Data  Gb  breakage_process.o [1]
left_x                  0x2000'7cb8    0x50  Data  Gb  Process.o [1]
limit_straight          0x1000'05a1   0x1fe  Code  Gb  breakage_process.o [1]
main                    0x1000'8f29    0x14  Code  Gb  MKV58F1M0xxx24_Project.o [1]
max_s16                 0x1000'6939    0x22  Code  Gb  mymath.o [1]
move_info               0x2000'6224    0x28  Data  Gb  breakage_process.o [1]
mpu9250_Acc_x           0x2000'07a8     0x2  Data  Gb  mpu9250.o [1]
mpu9250_Acc_y           0x2000'07aa     0x2  Data  Gb  mpu9250.o [1]
mpu9250_Acc_z           0x2000'07ac     0x2  Data  Gb  mpu9250.o [1]
mpu9250_Gyro_x          0x2000'07ae     0x2  Data  Gb  mpu9250.o [1]
mpu9250_Gyro_x_as       0x2000'0808     0x4  Data  Gb  mpu9250.o [1]
mpu9250_Gyro_x_ave      0x2000'07fc     0x4  Data  Gb  mpu9250.o [1]
mpu9250_Gyro_y          0x2000'07b0     0x2  Data  Gb  mpu9250.o [1]
mpu9250_Gyro_y_as       0x2000'080c     0x4  Data  Gb  mpu9250.o [1]
mpu9250_Gyro_y_ave      0x2000'0800     0x4  Data  Gb  mpu9250.o [1]
mpu9250_Gyro_z          0x2000'07b2     0x2  Data  Gb  mpu9250.o [1]
mpu9250_Gyro_z_as       0x2000'0810     0x4  Data  Gb  mpu9250.o [1]
mpu9250_Gyro_z_ave      0x2000'0804     0x4  Data  Gb  mpu9250.o [1]
mpu9250_buffer          0x2000'0798    0x10  Data  Gb  mpu9250.o [1]
mpu_read_data           0x1000'2f37    0x26  Code  Gb  mpu9250.o [1]
mpu_write_date          0x1000'2f17    0x20  Code  Gb  mpu9250.o [1]
myBEEP_Init             0x1000'2873    0x14  Code  Gb  LED_BEEP.o [1]
myLED_Init              0x1000'2841    0x32  Code  Gb  LED_BEEP.o [1]
normal_breakage         0x1000'0d0d    0x2a  Code  Gb  breakage_process.o [1]
out                     0x1000'89f9    0x18  Code  Lc  xprintftiny.o [2]
outputbuf               0x2000'7c4c     0x8  Data  Gb  mpu9250.o [1]
ov7725_get_img          0x1000'26d3    0x34  Code  Gb  OV7725.o [1]
ov7727_reg              0x2000'5370    0x64  Data  Gb  OV7725.o [1]
parameter_Init          0x1000'8bfb    0x1a  Code  Gb  Sys_init.o [1]
part_straight           0x1000'04ef    0xb2  Code  Gb  breakage_process.o [1]
pattern_shift           0x1000'0d95    0x90  Code  Gb  breakage_process.o [1]
pit_init                0x1000'8ce9    0x34  Code  Gb  pit.o [1]
port_init               0x1000'1ed1    0x8e  Code  Gb  GPIO.o [1]
port_init_NRF           0x1000'5339    0x3a  Code  Gb  SPI.o [1]
ramp                    0x1000'3ae5    0xa8  Code  Gb  Process.o [1]
ramp_ave                0x2000'7c90    0x28  Data  Gb  Process.o [1]
ramp_cnt                0x2000'7c8c     0x4  Data  Gb  Process.o [1]
ramp_elec               0x2000'7c88     0x4  Data  Gb  Process.o [1]
ramp_filter             0x1000'3b91    0x56  Code  Gb  Process.o [1]
ramp_filter::TimeCnt_20ms
                        0x2000'7c6c     0x1  Data  Lc  Process.o [1]
ramp_flag               0x2000'7c74     0x4  Data  Gb  Process.o [1]
ramp_init               0x1000'8be5    0x16  Code  Gb  Sys_init.o [1]
ramp_over               0x2000'7c78     0x4  Data  Gb  Process.o [1]
ramp_straight           0x1000'38ab   0x23a  Code  Gb  Process.o [1]
ramp_sum                0x2000'7db0     0x4  Data  Gb  Process.o [1]
ramp_whl                0x2000'7c84     0x4  Data  Gb  Process.o [1]
right_minus             0x2000'7620     0xc  Data  Gb  breakage_process.o [1]
right_x                 0x2000'7d08    0x50  Data  Gb  Process.o [1]
run                     0x2000'839b     0x1  Data  Gb  isr.o [1]
run_flag                0x2000'830c     0x4  Data  Gb  Sys_init.o [1]
s_EDMAHandle            0x2000'7698    0x80  Data  Lc  fsl_edma.o [1]
s_debugConsoleIO        0x2000'7718     0x8  Data  Lc  fsl_io.o [1]
s_dmamuxClockName       0x1000'70b0     0x4  Data  Lc  fsl_dmamux.o [1]
s_edmaClockName         0x1000'3f8c     0x4  Data  Lc  fsl_edma.o [1]
s_edmaIRQNumber         0x1000'424c    0x20  Data  Lc  fsl_edma.o [1]
s_edmaPrivateHandle     0x2000'7720    0x30  Data  Lc  fsl_uart_edma.o [1]
s_fastIrcFreq           0x2000'0108     0x4  Data  Lc  fsl_clock.o [1]
s_slowIrcFreq           0x2000'0104     0x4  Data  Lc  fsl_clock.o [1]
s_uartBases             0x1000'69fc    0x18  Data  Lc  fsl_uart.o [1]
s_uartClock             0x1000'6d44    0x18  Data  Lc  fsl_uart.o [1]
scan_breakage           0x1000'1005   0x148  Code  Gb  breakage_process.o [1]
scan_info               0x2000'67bc   0xe4c  Data  Gb  breakage_process.o [1]
scan_sure               0x1000'114d   0x1f6  Code  Gb  breakage_process.o [1]
single_control          0x1000'0e97    0x58  Code  Gb  breakage_process.o [1]
single_start_move       0x1000'151b    0x46  Code  Gb  start_line.o [1]
single_start_move::TimeCnt_stop
                        0x2000'8308     0x4  Data  Lc  start_line.o [1]
spi_init                0x1000'50ed   0x24a  Code  Gb  SPI.o [1]
spi_mosi                0x1000'5373    0xb0  Code  Gb  SPI.o [1]
sprintf                 0x1000'89b9    0x40  Code  Gb  sprintf.o [2]
sqrt                    0x1000'7a49          Code  Gb  sqrt.o [3]
sqrtl                   0x1000'7a49          Code  Gb  sqrt.o [3]
start_info              0x2000'7e08   0x500  Data  Gb  start_line.o [1]
start_init              0x1000'1385     0xc  Code  Gb  start_line.o [1]
start_operate           0x1000'147d    0x3e  Code  Gb  start_line.o [1]
start_process           0x2000'7ad0     0x4  Data  Gb  Loop.o [1]
straight_ramp           0x2000'7e04     0x4  Data  Gb  Process.o [1]
strlen                  0x1000'807d          Code  Gb  strlen.o [4]
sum_point               0x1000'695b    0x30  Code  Gb  mymath.o [1]
tanf                    0x1000'4f39   0x1b4  Code  Gb  tan32.o [3]
test_delat              0x2000'7da8     0x4  Data  Gb  Process.o [1]
test_delat_l            0x2000'7dac     0x4  Data  Gb  Process.o [1]
uart_eDMA_Handler       0x2000'8364    0x1c  Data  Gb  tools.o [1]
uart_tx_data            0x2000'835c     0x8  Data  Gb  tools.o [1]
write_command           0x1000'1877    0xde  Code  Gb  LCD.o [1]
write_word              0x1000'1a2d    0x16  Code  Gb  LCD.o [1]


[1] = F:\competition\smart car\2019double car\5.1after_four_wheel\basic_first\new vision 4 wheel\project\Debug\Obj
[2] = dl7M_tlf.a
[3] = m7M_tls.a
[4] = rt7M_tl.a
[5] = shb_l.a

  35 454 bytes of readonly  code memory
   3 498 bytes of readonly  data memory
  34 716 bytes of readwrite data memory

Errors: none
Warnings: none
